2025-10-19 05:14:19,539 - ImageNet_Training - INFO - Logger initialized. Log file: /home/ubuntu/repos/Learnings/MNIST_Model/Reference/ImageNet_ResNet50/experiments/phase2_finetune/logs/20251019_051419_imagenet_training.log
2025-10-19 05:14:19,539 - ImageNet_Training - INFO - Configuration Summary:
2025-10-19 05:14:19,539 - ImageNet_Training - INFO -   Dataset: ImageNet-1k
2025-10-19 05:14:19,539 - ImageNet_Training - INFO -   Model: resnet50
2025-10-19 05:14:19,539 - ImageNet_Training - INFO -   Input Size: 224x224
2025-10-19 05:14:19,539 - ImageNet_Training - INFO -   Num Classes: 1000
2025-10-19 05:14:19,539 - ImageNet_Training - INFO -   Batch Size: 32
2025-10-19 05:14:19,539 - ImageNet_Training - INFO -   Gradient Accumulation: 8
2025-10-19 05:14:19,539 - ImageNet_Training - INFO -   Effective Batch Size: 256
2025-10-19 05:14:19,539 - ImageNet_Training - INFO -   Num Workers: 8
2025-10-19 05:14:19,539 - ImageNet_Training - INFO -   Using Subset: 20.0% (stratified)
2025-10-19 05:14:19,539 - ImageNet_Training - INFO -   Epochs: 100
2025-10-19 05:14:19,539 - ImageNet_Training - INFO -   Learning Rate: 0.05
2025-10-19 05:14:19,539 - ImageNet_Training - INFO -   Optimizer: SGD
2025-10-19 05:14:19,539 - ImageNet_Training - INFO -   Scheduler: OneCycleLR
2025-10-19 05:14:19,540 - ImageNet_Training - INFO -   Weight Decay: 0.0002
2025-10-19 05:14:19,540 - ImageNet_Training - INFO -   Mixed Precision: True
2025-10-19 05:14:19,540 - ImageNet_Training - INFO -   Gradient Clipping: 1.0
2025-10-19 05:14:19,540 - ImageNet_Training - INFO -   Label Smoothing: 0.1
2025-10-19 05:14:19,540 - ImageNet_Training - INFO -   Dropout Rate: 0.01
2025-10-19 05:14:19,540 - ImageNet_Training - INFO -   Use Pretrained: False
2025-10-19 05:14:19,540 - ImageNet_Training - INFO - ======================================================================
2025-10-19 05:14:19,764 - ImageNet_Training - INFO - Using device: cuda
2025-10-19 05:14:19,790 - ImageNet_Training - INFO - GPU: Tesla T4
2025-10-19 05:14:19,790 - ImageNet_Training - INFO - GPU Memory: 14.6 GB
2025-10-19 05:14:19,790 - ImageNet_Training - INFO - Setting up data...
2025-10-19 05:14:19,791 - ImageNet_Training - INFO - Loading ImageNet dataset...
2025-10-19 05:14:19,791 - ImageNet_Training - INFO - Train directory: /home/ubuntu/data/imagenet/train
2025-10-19 05:14:19,791 - ImageNet_Training - INFO - Val directory: /home/ubuntu/data/imagenet/val
2025-10-19 05:14:22,474 - ImageNet_Training - INFO - Creating stratified 20.0% subset...
2025-10-19 05:14:22,486 - ImageNet_Training - INFO - Subset created: 256190 / 1281167 samples
2025-10-19 05:14:22,486 - ImageNet_Training - INFO - Validation samples: 50000
2025-10-19 05:14:22,487 - ImageNet_Training - INFO - ImageNet data loaders created successfully!
2025-10-19 05:14:22,487 - ImageNet_Training - INFO -   Train batches: 8006
2025-10-19 05:14:22,487 - ImageNet_Training - INFO -   Val batches: 1563
2025-10-19 05:14:22,487 - ImageNet_Training - INFO - Computing dataset statistics...
2025-10-19 05:14:22,487 - ImageNet_Training - INFO - Dataset Statistics:
2025-10-19 05:14:22,487 - ImageNet_Training - INFO -   Train samples: 256,190
2025-10-19 05:14:22,487 - ImageNet_Training - INFO -   Val samples: 50,000
2025-10-19 05:14:22,487 - ImageNet_Training - INFO -   Num classes: 1000
2025-10-19 05:14:22,487 - ImageNet_Training - INFO -   Batch size: 32
2025-10-19 05:14:22,487 - ImageNet_Training - INFO -   Input size: 224x224
2025-10-19 05:14:22,487 - ImageNet_Training - INFO -   Subset: 20.0% stratified
2025-10-19 05:14:22,488 - ImageNet_Training - INFO - Verifying stratified subset distribution...
2025-10-19 05:14:22,566 - ImageNet_Training - INFO - Subset contains 1000 classes
2025-10-19 05:14:22,567 - ImageNet_Training - INFO - Samples per class - Min: 732, Max: 1300, Mean: 1281.2, Std: 70.2
2025-10-19 05:14:22,567 - ImageNet_Training - INFO - Building ResNet-50 model...
2025-10-19 05:14:23,157 - ImageNet_Training - INFO - Generating RESNET50 summary...
2025-10-19 05:14:23,949 - ImageNet_Training - INFO - RESNET50 Architecture Summary:
2025-10-19 05:14:23,949 - ImageNet_Training - INFO -   Total Parameters: 25,557,032
2025-10-19 05:14:23,949 - ImageNet_Training - INFO -   Trainable Parameters: 25,557,032
2025-10-19 05:14:23,949 - ImageNet_Training - INFO -   Model Size: 97.49 MB
2025-10-19 05:14:23,949 - ImageNet_Training - INFO -   Batch Normalization: Yes
2025-10-19 05:14:23,949 - ImageNet_Training - INFO -   Dropout: Yes
2025-10-19 05:14:23,949 - ImageNet_Training - INFO -   FC Layers: Yes
2025-10-19 05:14:23,949 - ImageNet_Training - INFO -   Global Pooling: Yes
2025-10-19 05:14:23,949 - ImageNet_Training - INFO - ======================================================================
2025-10-19 05:14:23,950 - ImageNet_Training - INFO - DETAILED MODEL ARCHITECTURE
2025-10-19 05:14:23,950 - ImageNet_Training - INFO - ======================================================================
2025-10-19 05:14:23,950 - ImageNet_Training - INFO - ==========================================================================================
2025-10-19 05:14:23,950 - ImageNet_Training - INFO - Layer (type:depth-idx)                   Output Shape              Param #
2025-10-19 05:14:23,950 - ImageNet_Training - INFO - ==========================================================================================
2025-10-19 05:14:23,950 - ImageNet_Training - INFO - ├─Conv2d: 1-1                            [-1, 64, 112, 112]        9,408
2025-10-19 05:14:23,950 - ImageNet_Training - INFO - ├─BatchNorm2d: 1-2                       [-1, 64, 112, 112]        128
2025-10-19 05:14:23,950 - ImageNet_Training - INFO - ├─ReLU: 1-3                              [-1, 64, 112, 112]        --
2025-10-19 05:14:23,950 - ImageNet_Training - INFO - ├─MaxPool2d: 1-4                         [-1, 64, 56, 56]          --
2025-10-19 05:14:23,950 - ImageNet_Training - INFO - ├─Sequential: 1-5                        [-1, 256, 56, 56]         --
2025-10-19 05:14:23,950 - ImageNet_Training - INFO - |    └─BottleneckBlock: 2-1              [-1, 256, 56, 56]         --
2025-10-19 05:14:23,950 - ImageNet_Training - INFO - |    |    └─Conv2d: 3-1                  [-1, 64, 56, 56]          4,096
2025-10-19 05:14:23,950 - ImageNet_Training - INFO - |    |    └─BatchNorm2d: 3-2             [-1, 64, 56, 56]          128
2025-10-19 05:14:23,950 - ImageNet_Training - INFO - |    |    └─ReLU: 3-3                    [-1, 64, 56, 56]          --
2025-10-19 05:14:23,950 - ImageNet_Training - INFO - |    |    └─Conv2d: 3-4                  [-1, 64, 56, 56]          36,864
2025-10-19 05:14:23,950 - ImageNet_Training - INFO - |    |    └─BatchNorm2d: 3-5             [-1, 64, 56, 56]          128
2025-10-19 05:14:23,950 - ImageNet_Training - INFO - |    |    └─ReLU: 3-6                    [-1, 64, 56, 56]          --
2025-10-19 05:14:23,950 - ImageNet_Training - INFO - |    |    └─Conv2d: 3-7                  [-1, 256, 56, 56]         16,384
2025-10-19 05:14:23,950 - ImageNet_Training - INFO - |    |    └─BatchNorm2d: 3-8             [-1, 256, 56, 56]         512
2025-10-19 05:14:23,951 - ImageNet_Training - INFO - |    |    └─Sequential: 3-9              [-1, 256, 56, 56]         16,896
2025-10-19 05:14:23,951 - ImageNet_Training - INFO - |    |    └─ReLU: 3-10                   [-1, 256, 56, 56]         --
2025-10-19 05:14:23,951 - ImageNet_Training - INFO - |    |    └─Dropout2d: 3-11              [-1, 256, 56, 56]         --
2025-10-19 05:14:23,951 - ImageNet_Training - INFO - |    └─BottleneckBlock: 2-2              [-1, 256, 56, 56]         --
2025-10-19 05:14:23,951 - ImageNet_Training - INFO - |    |    └─Conv2d: 3-12                 [-1, 64, 56, 56]          16,384
2025-10-19 05:14:23,951 - ImageNet_Training - INFO - |    |    └─BatchNorm2d: 3-13            [-1, 64, 56, 56]          128
2025-10-19 05:14:23,951 - ImageNet_Training - INFO - |    |    └─ReLU: 3-14                   [-1, 64, 56, 56]          --
2025-10-19 05:14:23,951 - ImageNet_Training - INFO - |    |    └─Conv2d: 3-15                 [-1, 64, 56, 56]          36,864
2025-10-19 05:14:23,951 - ImageNet_Training - INFO - |    |    └─BatchNorm2d: 3-16            [-1, 64, 56, 56]          128
2025-10-19 05:14:23,951 - ImageNet_Training - INFO - |    |    └─ReLU: 3-17                   [-1, 64, 56, 56]          --
2025-10-19 05:14:23,951 - ImageNet_Training - INFO - |    |    └─Conv2d: 3-18                 [-1, 256, 56, 56]         16,384
2025-10-19 05:14:23,951 - ImageNet_Training - INFO - |    |    └─BatchNorm2d: 3-19            [-1, 256, 56, 56]         512
2025-10-19 05:14:23,951 - ImageNet_Training - INFO - |    |    └─ReLU: 3-20                   [-1, 256, 56, 56]         --
2025-10-19 05:14:23,951 - ImageNet_Training - INFO - |    |    └─Dropout2d: 3-21              [-1, 256, 56, 56]         --
2025-10-19 05:14:23,951 - ImageNet_Training - INFO - |    └─BottleneckBlock: 2-3              [-1, 256, 56, 56]         --
2025-10-19 05:14:23,951 - ImageNet_Training - INFO - |    |    └─Conv2d: 3-22                 [-1, 64, 56, 56]          16,384
2025-10-19 05:14:23,951 - ImageNet_Training - INFO - |    |    └─BatchNorm2d: 3-23            [-1, 64, 56, 56]          128
2025-10-19 05:14:23,951 - ImageNet_Training - INFO - |    |    └─ReLU: 3-24                   [-1, 64, 56, 56]          --
2025-10-19 05:14:23,952 - ImageNet_Training - INFO - |    |    └─Conv2d: 3-25                 [-1, 64, 56, 56]          36,864
2025-10-19 05:14:23,952 - ImageNet_Training - INFO - |    |    └─BatchNorm2d: 3-26            [-1, 64, 56, 56]          128
2025-10-19 05:14:23,952 - ImageNet_Training - INFO - |    |    └─ReLU: 3-27                   [-1, 64, 56, 56]          --
2025-10-19 05:14:23,952 - ImageNet_Training - INFO - |    |    └─Conv2d: 3-28                 [-1, 256, 56, 56]         16,384
2025-10-19 05:14:23,952 - ImageNet_Training - INFO - |    |    └─BatchNorm2d: 3-29            [-1, 256, 56, 56]         512
2025-10-19 05:14:23,952 - ImageNet_Training - INFO - |    |    └─ReLU: 3-30                   [-1, 256, 56, 56]         --
2025-10-19 05:14:23,952 - ImageNet_Training - INFO - |    |    └─Dropout2d: 3-31              [-1, 256, 56, 56]         --
2025-10-19 05:14:23,952 - ImageNet_Training - INFO - ├─Sequential: 1-6                        [-1, 512, 28, 28]         --
2025-10-19 05:14:23,952 - ImageNet_Training - INFO - |    └─BottleneckBlock: 2-4              [-1, 512, 28, 28]         --
2025-10-19 05:14:23,952 - ImageNet_Training - INFO - |    |    └─Conv2d: 3-32                 [-1, 128, 56, 56]         32,768
2025-10-19 05:14:23,952 - ImageNet_Training - INFO - |    |    └─BatchNorm2d: 3-33            [-1, 128, 56, 56]         256
2025-10-19 05:14:23,952 - ImageNet_Training - INFO - |    |    └─ReLU: 3-34                   [-1, 128, 56, 56]         --
2025-10-19 05:14:23,952 - ImageNet_Training - INFO - |    |    └─Conv2d: 3-35                 [-1, 128, 28, 28]         147,456
2025-10-19 05:14:23,952 - ImageNet_Training - INFO - |    |    └─BatchNorm2d: 3-36            [-1, 128, 28, 28]         256
2025-10-19 05:14:23,952 - ImageNet_Training - INFO - |    |    └─ReLU: 3-37                   [-1, 128, 28, 28]         --
2025-10-19 05:14:23,952 - ImageNet_Training - INFO - |    |    └─Conv2d: 3-38                 [-1, 512, 28, 28]         65,536
2025-10-19 05:14:23,952 - ImageNet_Training - INFO - |    |    └─BatchNorm2d: 3-39            [-1, 512, 28, 28]         1,024
2025-10-19 05:14:23,952 - ImageNet_Training - INFO - |    |    └─Sequential: 3-40             [-1, 512, 28, 28]         132,096
2025-10-19 05:14:23,952 - ImageNet_Training - INFO - |    |    └─ReLU: 3-41                   [-1, 512, 28, 28]         --
2025-10-19 05:14:23,953 - ImageNet_Training - INFO - |    |    └─Dropout2d: 3-42              [-1, 512, 28, 28]         --
2025-10-19 05:14:23,953 - ImageNet_Training - INFO - |    └─BottleneckBlock: 2-5              [-1, 512, 28, 28]         --
2025-10-19 05:14:23,953 - ImageNet_Training - INFO - |    |    └─Conv2d: 3-43                 [-1, 128, 28, 28]         65,536
2025-10-19 05:14:23,953 - ImageNet_Training - INFO - |    |    └─BatchNorm2d: 3-44            [-1, 128, 28, 28]         256
2025-10-19 05:14:23,953 - ImageNet_Training - INFO - |    |    └─ReLU: 3-45                   [-1, 128, 28, 28]         --
2025-10-19 05:14:23,953 - ImageNet_Training - INFO - |    |    └─Conv2d: 3-46                 [-1, 128, 28, 28]         147,456
2025-10-19 05:14:23,953 - ImageNet_Training - INFO - |    |    └─BatchNorm2d: 3-47            [-1, 128, 28, 28]         256
2025-10-19 05:14:23,953 - ImageNet_Training - INFO - |    |    └─ReLU: 3-48                   [-1, 128, 28, 28]         --
2025-10-19 05:14:23,953 - ImageNet_Training - INFO - |    |    └─Conv2d: 3-49                 [-1, 512, 28, 28]         65,536
2025-10-19 05:14:23,953 - ImageNet_Training - INFO - |    |    └─BatchNorm2d: 3-50            [-1, 512, 28, 28]         1,024
2025-10-19 05:14:23,953 - ImageNet_Training - INFO - |    |    └─ReLU: 3-51                   [-1, 512, 28, 28]         --
2025-10-19 05:14:23,953 - ImageNet_Training - INFO - |    |    └─Dropout2d: 3-52              [-1, 512, 28, 28]         --
2025-10-19 05:14:23,953 - ImageNet_Training - INFO - |    └─BottleneckBlock: 2-6              [-1, 512, 28, 28]         --
2025-10-19 05:14:23,953 - ImageNet_Training - INFO - |    |    └─Conv2d: 3-53                 [-1, 128, 28, 28]         65,536
2025-10-19 05:14:23,953 - ImageNet_Training - INFO - |    |    └─BatchNorm2d: 3-54            [-1, 128, 28, 28]         256
2025-10-19 05:14:23,953 - ImageNet_Training - INFO - |    |    └─ReLU: 3-55                   [-1, 128, 28, 28]         --
2025-10-19 05:14:23,953 - ImageNet_Training - INFO - |    |    └─Conv2d: 3-56                 [-1, 128, 28, 28]         147,456
2025-10-19 05:14:23,953 - ImageNet_Training - INFO - |    |    └─BatchNorm2d: 3-57            [-1, 128, 28, 28]         256
2025-10-19 05:14:23,953 - ImageNet_Training - INFO - |    |    └─ReLU: 3-58                   [-1, 128, 28, 28]         --
2025-10-19 05:14:23,953 - ImageNet_Training - INFO - |    |    └─Conv2d: 3-59                 [-1, 512, 28, 28]         65,536
2025-10-19 05:14:23,953 - ImageNet_Training - INFO - |    |    └─BatchNorm2d: 3-60            [-1, 512, 28, 28]         1,024
2025-10-19 05:14:23,953 - ImageNet_Training - INFO - |    |    └─ReLU: 3-61                   [-1, 512, 28, 28]         --
2025-10-19 05:14:23,953 - ImageNet_Training - INFO - |    |    └─Dropout2d: 3-62              [-1, 512, 28, 28]         --
2025-10-19 05:14:23,954 - ImageNet_Training - INFO - |    └─BottleneckBlock: 2-7              [-1, 512, 28, 28]         --
2025-10-19 05:14:23,954 - ImageNet_Training - INFO - |    |    └─Conv2d: 3-63                 [-1, 128, 28, 28]         65,536
2025-10-19 05:14:23,954 - ImageNet_Training - INFO - |    |    └─BatchNorm2d: 3-64            [-1, 128, 28, 28]         256
2025-10-19 05:14:23,954 - ImageNet_Training - INFO - |    |    └─ReLU: 3-65                   [-1, 128, 28, 28]         --
2025-10-19 05:14:23,954 - ImageNet_Training - INFO - |    |    └─Conv2d: 3-66                 [-1, 128, 28, 28]         147,456
2025-10-19 05:14:23,954 - ImageNet_Training - INFO - |    |    └─BatchNorm2d: 3-67            [-1, 128, 28, 28]         256
2025-10-19 05:14:23,954 - ImageNet_Training - INFO - |    |    └─ReLU: 3-68                   [-1, 128, 28, 28]         --
2025-10-19 05:14:23,954 - ImageNet_Training - INFO - |    |    └─Conv2d: 3-69                 [-1, 512, 28, 28]         65,536
2025-10-19 05:14:23,954 - ImageNet_Training - INFO - |    |    └─BatchNorm2d: 3-70            [-1, 512, 28, 28]         1,024
2025-10-19 05:14:23,954 - ImageNet_Training - INFO - |    |    └─ReLU: 3-71                   [-1, 512, 28, 28]         --
2025-10-19 05:14:23,954 - ImageNet_Training - INFO - |    |    └─Dropout2d: 3-72              [-1, 512, 28, 28]         --
2025-10-19 05:14:23,954 - ImageNet_Training - INFO - ├─Sequential: 1-7                        [-1, 1024, 14, 14]        --
2025-10-19 05:14:23,954 - ImageNet_Training - INFO - |    └─BottleneckBlock: 2-8              [-1, 1024, 14, 14]        --
2025-10-19 05:14:23,954 - ImageNet_Training - INFO - |    |    └─Conv2d: 3-73                 [-1, 256, 28, 28]         131,072
2025-10-19 05:14:23,954 - ImageNet_Training - INFO - |    |    └─BatchNorm2d: 3-74            [-1, 256, 28, 28]         512
2025-10-19 05:14:23,954 - ImageNet_Training - INFO - |    |    └─ReLU: 3-75                   [-1, 256, 28, 28]         --
2025-10-19 05:14:23,954 - ImageNet_Training - INFO - |    |    └─Conv2d: 3-76                 [-1, 256, 14, 14]         589,824
2025-10-19 05:14:23,954 - ImageNet_Training - INFO - |    |    └─BatchNorm2d: 3-77            [-1, 256, 14, 14]         512
2025-10-19 05:14:23,954 - ImageNet_Training - INFO - |    |    └─ReLU: 3-78                   [-1, 256, 14, 14]         --
2025-10-19 05:14:23,955 - ImageNet_Training - INFO - |    |    └─Conv2d: 3-79                 [-1, 1024, 14, 14]        262,144
2025-10-19 05:14:23,955 - ImageNet_Training - INFO - |    |    └─BatchNorm2d: 3-80            [-1, 1024, 14, 14]        2,048
2025-10-19 05:14:23,955 - ImageNet_Training - INFO - |    |    └─Sequential: 3-81             [-1, 1024, 14, 14]        526,336
2025-10-19 05:14:23,955 - ImageNet_Training - INFO - |    |    └─ReLU: 3-82                   [-1, 1024, 14, 14]        --
2025-10-19 05:14:23,955 - ImageNet_Training - INFO - |    |    └─Dropout2d: 3-83              [-1, 1024, 14, 14]        --
2025-10-19 05:14:23,955 - ImageNet_Training - INFO - |    └─BottleneckBlock: 2-9              [-1, 1024, 14, 14]        --
2025-10-19 05:14:23,955 - ImageNet_Training - INFO - |    |    └─Conv2d: 3-84                 [-1, 256, 14, 14]         262,144
2025-10-19 05:14:23,955 - ImageNet_Training - INFO - |    |    └─BatchNorm2d: 3-85            [-1, 256, 14, 14]         512
2025-10-19 05:14:23,955 - ImageNet_Training - INFO - |    |    └─ReLU: 3-86                   [-1, 256, 14, 14]         --
2025-10-19 05:14:23,955 - ImageNet_Training - INFO - |    |    └─Conv2d: 3-87                 [-1, 256, 14, 14]         589,824
2025-10-19 05:14:23,955 - ImageNet_Training - INFO - |    |    └─BatchNorm2d: 3-88            [-1, 256, 14, 14]         512
2025-10-19 05:14:23,955 - ImageNet_Training - INFO - |    |    └─ReLU: 3-89                   [-1, 256, 14, 14]         --
2025-10-19 05:14:23,955 - ImageNet_Training - INFO - |    |    └─Conv2d: 3-90                 [-1, 1024, 14, 14]        262,144
2025-10-19 05:14:23,955 - ImageNet_Training - INFO - |    |    └─BatchNorm2d: 3-91            [-1, 1024, 14, 14]        2,048
2025-10-19 05:14:23,955 - ImageNet_Training - INFO - |    |    └─ReLU: 3-92                   [-1, 1024, 14, 14]        --
2025-10-19 05:14:23,955 - ImageNet_Training - INFO - |    |    └─Dropout2d: 3-93              [-1, 1024, 14, 14]        --
2025-10-19 05:14:23,955 - ImageNet_Training - INFO - |    └─BottleneckBlock: 2-10             [-1, 1024, 14, 14]        --
2025-10-19 05:14:23,955 - ImageNet_Training - INFO - |    |    └─Conv2d: 3-94                 [-1, 256, 14, 14]         262,144
2025-10-19 05:14:23,955 - ImageNet_Training - INFO - |    |    └─BatchNorm2d: 3-95            [-1, 256, 14, 14]         512
2025-10-19 05:14:23,956 - ImageNet_Training - INFO - |    |    └─ReLU: 3-96                   [-1, 256, 14, 14]         --
2025-10-19 05:14:23,956 - ImageNet_Training - INFO - |    |    └─Conv2d: 3-97                 [-1, 256, 14, 14]         589,824
2025-10-19 05:14:23,956 - ImageNet_Training - INFO - |    |    └─BatchNorm2d: 3-98            [-1, 256, 14, 14]         512
2025-10-19 05:14:23,956 - ImageNet_Training - INFO - |    |    └─ReLU: 3-99                   [-1, 256, 14, 14]         --
2025-10-19 05:14:23,956 - ImageNet_Training - INFO - |    |    └─Conv2d: 3-100                [-1, 1024, 14, 14]        262,144
2025-10-19 05:14:23,956 - ImageNet_Training - INFO - |    |    └─BatchNorm2d: 3-101           [-1, 1024, 14, 14]        2,048
2025-10-19 05:14:23,956 - ImageNet_Training - INFO - |    |    └─ReLU: 3-102                  [-1, 1024, 14, 14]        --
2025-10-19 05:14:23,956 - ImageNet_Training - INFO - |    |    └─Dropout2d: 3-103             [-1, 1024, 14, 14]        --
2025-10-19 05:14:23,956 - ImageNet_Training - INFO - |    └─BottleneckBlock: 2-11             [-1, 1024, 14, 14]        --
2025-10-19 05:14:23,956 - ImageNet_Training - INFO - |    |    └─Conv2d: 3-104                [-1, 256, 14, 14]         262,144
2025-10-19 05:14:23,956 - ImageNet_Training - INFO - |    |    └─BatchNorm2d: 3-105           [-1, 256, 14, 14]         512
2025-10-19 05:14:23,956 - ImageNet_Training - INFO - |    |    └─ReLU: 3-106                  [-1, 256, 14, 14]         --
2025-10-19 05:14:23,956 - ImageNet_Training - INFO - |    |    └─Conv2d: 3-107                [-1, 256, 14, 14]         589,824
2025-10-19 05:14:23,956 - ImageNet_Training - INFO - |    |    └─BatchNorm2d: 3-108           [-1, 256, 14, 14]         512
2025-10-19 05:14:23,956 - ImageNet_Training - INFO - |    |    └─ReLU: 3-109                  [-1, 256, 14, 14]         --
2025-10-19 05:14:23,956 - ImageNet_Training - INFO - |    |    └─Conv2d: 3-110                [-1, 1024, 14, 14]        262,144
2025-10-19 05:14:23,956 - ImageNet_Training - INFO - |    |    └─BatchNorm2d: 3-111           [-1, 1024, 14, 14]        2,048
2025-10-19 05:14:23,956 - ImageNet_Training - INFO - |    |    └─ReLU: 3-112                  [-1, 1024, 14, 14]        --
2025-10-19 05:14:23,956 - ImageNet_Training - INFO - |    |    └─Dropout2d: 3-113             [-1, 1024, 14, 14]        --
2025-10-19 05:14:23,957 - ImageNet_Training - INFO - |    └─BottleneckBlock: 2-12             [-1, 1024, 14, 14]        --
2025-10-19 05:14:23,957 - ImageNet_Training - INFO - |    |    └─Conv2d: 3-114                [-1, 256, 14, 14]         262,144
2025-10-19 05:14:23,957 - ImageNet_Training - INFO - |    |    └─BatchNorm2d: 3-115           [-1, 256, 14, 14]         512
2025-10-19 05:14:23,957 - ImageNet_Training - INFO - |    |    └─ReLU: 3-116                  [-1, 256, 14, 14]         --
2025-10-19 05:14:23,957 - ImageNet_Training - INFO - |    |    └─Conv2d: 3-117                [-1, 256, 14, 14]         589,824
2025-10-19 05:14:23,957 - ImageNet_Training - INFO - |    |    └─BatchNorm2d: 3-118           [-1, 256, 14, 14]         512
2025-10-19 05:14:23,957 - ImageNet_Training - INFO - |    |    └─ReLU: 3-119                  [-1, 256, 14, 14]         --
2025-10-19 05:14:23,957 - ImageNet_Training - INFO - |    |    └─Conv2d: 3-120                [-1, 1024, 14, 14]        262,144
2025-10-19 05:14:23,957 - ImageNet_Training - INFO - |    |    └─BatchNorm2d: 3-121           [-1, 1024, 14, 14]        2,048
2025-10-19 05:14:23,957 - ImageNet_Training - INFO - |    |    └─ReLU: 3-122                  [-1, 1024, 14, 14]        --
2025-10-19 05:14:23,957 - ImageNet_Training - INFO - |    |    └─Dropout2d: 3-123             [-1, 1024, 14, 14]        --
2025-10-19 05:14:23,957 - ImageNet_Training - INFO - |    └─BottleneckBlock: 2-13             [-1, 1024, 14, 14]        --
2025-10-19 05:14:23,957 - ImageNet_Training - INFO - |    |    └─Conv2d: 3-124                [-1, 256, 14, 14]         262,144
2025-10-19 05:14:23,957 - ImageNet_Training - INFO - |    |    └─BatchNorm2d: 3-125           [-1, 256, 14, 14]         512
2025-10-19 05:14:23,957 - ImageNet_Training - INFO - |    |    └─ReLU: 3-126                  [-1, 256, 14, 14]         --
2025-10-19 05:14:23,957 - ImageNet_Training - INFO - |    |    └─Conv2d: 3-127                [-1, 256, 14, 14]         589,824
2025-10-19 05:14:23,957 - ImageNet_Training - INFO - |    |    └─BatchNorm2d: 3-128           [-1, 256, 14, 14]         512
2025-10-19 05:14:23,957 - ImageNet_Training - INFO - |    |    └─ReLU: 3-129                  [-1, 256, 14, 14]         --
2025-10-19 05:14:23,957 - ImageNet_Training - INFO - |    |    └─Conv2d: 3-130                [-1, 1024, 14, 14]        262,144
2025-10-19 05:14:23,957 - ImageNet_Training - INFO - |    |    └─BatchNorm2d: 3-131           [-1, 1024, 14, 14]        2,048
2025-10-19 05:14:23,957 - ImageNet_Training - INFO - |    |    └─ReLU: 3-132                  [-1, 1024, 14, 14]        --
2025-10-19 05:14:23,957 - ImageNet_Training - INFO - |    |    └─Dropout2d: 3-133             [-1, 1024, 14, 14]        --
2025-10-19 05:14:23,958 - ImageNet_Training - INFO - ├─Sequential: 1-8                        [-1, 2048, 7, 7]          --
2025-10-19 05:14:23,958 - ImageNet_Training - INFO - |    └─BottleneckBlock: 2-14             [-1, 2048, 7, 7]          --
2025-10-19 05:14:23,958 - ImageNet_Training - INFO - |    |    └─Conv2d: 3-134                [-1, 512, 14, 14]         524,288
2025-10-19 05:14:23,958 - ImageNet_Training - INFO - |    |    └─BatchNorm2d: 3-135           [-1, 512, 14, 14]         1,024
2025-10-19 05:14:23,958 - ImageNet_Training - INFO - |    |    └─ReLU: 3-136                  [-1, 512, 14, 14]         --
2025-10-19 05:14:23,958 - ImageNet_Training - INFO - |    |    └─Conv2d: 3-137                [-1, 512, 7, 7]           2,359,296
2025-10-19 05:14:23,958 - ImageNet_Training - INFO - |    |    └─BatchNorm2d: 3-138           [-1, 512, 7, 7]           1,024
2025-10-19 05:14:23,958 - ImageNet_Training - INFO - |    |    └─ReLU: 3-139                  [-1, 512, 7, 7]           --
2025-10-19 05:14:23,958 - ImageNet_Training - INFO - |    |    └─Conv2d: 3-140                [-1, 2048, 7, 7]          1,048,576
2025-10-19 05:14:23,958 - ImageNet_Training - INFO - |    |    └─BatchNorm2d: 3-141           [-1, 2048, 7, 7]          4,096
2025-10-19 05:14:23,958 - ImageNet_Training - INFO - |    |    └─Sequential: 3-142            [-1, 2048, 7, 7]          2,101,248
2025-10-19 05:14:23,958 - ImageNet_Training - INFO - |    |    └─ReLU: 3-143                  [-1, 2048, 7, 7]          --
2025-10-19 05:14:23,958 - ImageNet_Training - INFO - |    |    └─Dropout2d: 3-144             [-1, 2048, 7, 7]          --
2025-10-19 05:14:23,958 - ImageNet_Training - INFO - |    └─BottleneckBlock: 2-15             [-1, 2048, 7, 7]          --
2025-10-19 05:14:23,958 - ImageNet_Training - INFO - |    |    └─Conv2d: 3-145                [-1, 512, 7, 7]           1,048,576
2025-10-19 05:14:23,958 - ImageNet_Training - INFO - |    |    └─BatchNorm2d: 3-146           [-1, 512, 7, 7]           1,024
2025-10-19 05:14:23,958 - ImageNet_Training - INFO - |    |    └─ReLU: 3-147                  [-1, 512, 7, 7]           --
2025-10-19 05:14:23,958 - ImageNet_Training - INFO - |    |    └─Conv2d: 3-148                [-1, 512, 7, 7]           2,359,296
2025-10-19 05:14:23,958 - ImageNet_Training - INFO - |    |    └─BatchNorm2d: 3-149           [-1, 512, 7, 7]           1,024
2025-10-19 05:14:23,958 - ImageNet_Training - INFO - |    |    └─ReLU: 3-150                  [-1, 512, 7, 7]           --
2025-10-19 05:14:23,958 - ImageNet_Training - INFO - |    |    └─Conv2d: 3-151                [-1, 2048, 7, 7]          1,048,576
2025-10-19 05:14:23,958 - ImageNet_Training - INFO - |    |    └─BatchNorm2d: 3-152           [-1, 2048, 7, 7]          4,096
2025-10-19 05:14:23,959 - ImageNet_Training - INFO - |    |    └─ReLU: 3-153                  [-1, 2048, 7, 7]          --
2025-10-19 05:14:23,959 - ImageNet_Training - INFO - |    |    └─Dropout2d: 3-154             [-1, 2048, 7, 7]          --
2025-10-19 05:14:23,959 - ImageNet_Training - INFO - |    └─BottleneckBlock: 2-16             [-1, 2048, 7, 7]          --
2025-10-19 05:14:23,959 - ImageNet_Training - INFO - |    |    └─Conv2d: 3-155                [-1, 512, 7, 7]           1,048,576
2025-10-19 05:14:23,959 - ImageNet_Training - INFO - |    |    └─BatchNorm2d: 3-156           [-1, 512, 7, 7]           1,024
2025-10-19 05:14:23,959 - ImageNet_Training - INFO - |    |    └─ReLU: 3-157                  [-1, 512, 7, 7]           --
2025-10-19 05:14:23,959 - ImageNet_Training - INFO - |    |    └─Conv2d: 3-158                [-1, 512, 7, 7]           2,359,296
2025-10-19 05:14:23,959 - ImageNet_Training - INFO - |    |    └─BatchNorm2d: 3-159           [-1, 512, 7, 7]           1,024
2025-10-19 05:14:23,959 - ImageNet_Training - INFO - |    |    └─ReLU: 3-160                  [-1, 512, 7, 7]           --
2025-10-19 05:14:23,959 - ImageNet_Training - INFO - |    |    └─Conv2d: 3-161                [-1, 2048, 7, 7]          1,048,576
2025-10-19 05:14:23,959 - ImageNet_Training - INFO - |    |    └─BatchNorm2d: 3-162           [-1, 2048, 7, 7]          4,096
2025-10-19 05:14:23,959 - ImageNet_Training - INFO - |    |    └─ReLU: 3-163                  [-1, 2048, 7, 7]          --
2025-10-19 05:14:23,959 - ImageNet_Training - INFO - |    |    └─Dropout2d: 3-164             [-1, 2048, 7, 7]          --
2025-10-19 05:14:23,959 - ImageNet_Training - INFO - ├─AdaptiveAvgPool2d: 1-9                 [-1, 2048, 1, 1]          --
2025-10-19 05:14:23,959 - ImageNet_Training - INFO - ├─Dropout: 1-10                          [-1, 2048]                --
2025-10-19 05:14:23,959 - ImageNet_Training - INFO - ├─Linear: 1-11                           [-1, 1000]                2,049,000
2025-10-19 05:14:23,959 - ImageNet_Training - INFO - ==========================================================================================
2025-10-19 05:14:23,959 - ImageNet_Training - INFO - Total params: 25,557,032
2025-10-19 05:14:23,959 - ImageNet_Training - INFO - Trainable params: 25,557,032
2025-10-19 05:14:23,959 - ImageNet_Training - INFO - Non-trainable params: 0
2025-10-19 05:14:23,959 - ImageNet_Training - INFO - Total mult-adds (G): 4.14
2025-10-19 05:14:23,959 - ImageNet_Training - INFO - ==========================================================================================
2025-10-19 05:14:23,959 - ImageNet_Training - INFO - Input size (MB): 0.57
2025-10-19 05:14:23,959 - ImageNet_Training - INFO - Forward/backward pass size (MB): 169.59
2025-10-19 05:14:23,959 - ImageNet_Training - INFO - Params size (MB): 97.49
2025-10-19 05:14:23,959 - ImageNet_Training - INFO - Estimated Total Size (MB): 267.66
2025-10-19 05:14:23,959 - ImageNet_Training - INFO - ==========================================================================================
2025-10-19 05:14:23,959 - ImageNet_Training - INFO - ======================================================================
2025-10-19 05:14:23,959 - ImageNet_Training - INFO - Initializing trainer...
2025-10-19 05:14:23,965 - ImageNet_Training - INFO - Using device: cuda
2025-10-19 05:14:23,965 - ImageNet_Training - INFO - Loss function: CrossEntropyLoss
2025-10-19 05:14:23,965 - ImageNet_Training - INFO - Mixed Precision (AMP): True
2025-10-19 05:14:23,965 - ImageNet_Training - INFO - Gradient Accumulation Steps: 8
2025-10-19 05:14:23,965 - ImageNet_Training - INFO - Starting training...
2025-10-19 05:14:23,965 - ImageNet_Training - INFO - Initializing training...
2025-10-19 05:14:23,966 - ImageNet_Training - INFO - Starting Epoch 1/100
2025-10-19 05:32:14,973 - ImageNet_Training - INFO - Epoch   1: Train Loss: 6.6530, Train Top-1: 0.78%, Train Top-5: 3.09% | Test Loss: 6.3447, Test Top-1: 2.26%, Test Top-5: 7.70% | LR: 0.109835 | Gap: -1.47% | GPU: 2086MB
2025-10-19 05:32:15,809 - ImageNet_Training - INFO - Saved BEST MODEL: /home/ubuntu/repos/Learnings/MNIST_Model/Reference/ImageNet_ResNet50/experiments/phase2_finetune/models/best_checkpoint_epoch001.pt
2025-10-19 05:32:15,810 - ImageNet_Training - INFO - Starting Epoch 2/100
2025-10-19 05:52:29,710 - ImageNet_Training - INFO - Epoch   2: Train Loss: 5.9530, Train Top-1: 3.73%, Train Top-5: 11.95% | Test Loss: 5.7318, Test Top-1: 5.49%, Test Top-5: 16.25% | LR: 0.138910 | Gap: -1.75% | GPU: 2086MB
2025-10-19 05:52:30,653 - ImageNet_Training - INFO - Saved BEST MODEL: /home/ubuntu/repos/Learnings/MNIST_Model/Reference/ImageNet_ResNet50/experiments/phase2_finetune/models/best_checkpoint_epoch002.pt
2025-10-19 05:52:30,654 - ImageNet_Training - INFO - Starting Epoch 3/100
2025-10-19 06:11:13,593 - ImageNet_Training - INFO - Epoch   3: Train Loss: 5.5135, Train Top-1: 7.62%, Train Top-5: 20.73% | Test Loss: 5.8291, Test Top-1: 10.13%, Test Top-5: 25.90% | LR: 0.185953 | Gap: -2.51% | GPU: 2086MB
2025-10-19 06:11:14,391 - ImageNet_Training - INFO - Saved BEST MODEL: /home/ubuntu/repos/Learnings/MNIST_Model/Reference/ImageNet_ResNet50/experiments/phase2_finetune/models/best_checkpoint_epoch003.pt
2025-10-19 06:11:14,392 - ImageNet_Training - INFO - Starting Epoch 4/100
2025-10-19 06:29:03,561 - ImageNet_Training - INFO - Epoch   4: Train Loss: 5.2326, Train Top-1: 10.83%, Train Top-5: 26.88% | Test Loss: 4.9508, Test Top-1: 13.63%, Test Top-5: 32.99% | LR: 0.248910 | Gap: -2.80% | GPU: 2086MB
2025-10-19 06:29:04,359 - ImageNet_Training - INFO - Saved BEST MODEL: /home/ubuntu/repos/Learnings/MNIST_Model/Reference/ImageNet_ResNet50/experiments/phase2_finetune/models/best_checkpoint_epoch004.pt
2025-10-19 06:29:04,360 - ImageNet_Training - INFO - Starting Epoch 5/100
2025-10-19 06:46:53,597 - ImageNet_Training - INFO - Epoch   5: Train Loss: 5.0735, Train Top-1: 12.87%, Train Top-5: 30.80% | Test Loss: 4.8222, Test Top-1: 15.17%, Test Top-5: 36.23% | LR: 0.325027 | Gap: -2.31% | GPU: 2086MB
2025-10-19 06:46:54,397 - ImageNet_Training - INFO - Saved BEST MODEL: /home/ubuntu/repos/Learnings/MNIST_Model/Reference/ImageNet_ResNet50/experiments/phase2_finetune/models/best_checkpoint_epoch005.pt
2025-10-19 06:46:55,956 - ImageNet_Training - INFO - Saved Checkpoint (Epoch 5): /home/ubuntu/repos/Learnings/MNIST_Model/Reference/ImageNet_ResNet50/experiments/phase2_finetune/models/checkpoint_epoch005.pt
2025-10-19 06:46:55,957 - ImageNet_Training - INFO - Starting Epoch 6/100
2025-10-19 07:04:45,037 - ImageNet_Training - INFO - Epoch   6: Train Loss: 4.9712, Train Top-1: 14.34%, Train Top-5: 33.16% | Test Loss: 4.8497, Test Top-1: 15.36%, Test Top-5: 36.09% | LR: 0.410978 | Gap: -1.02% | GPU: 2086MB
2025-10-19 07:04:45,831 - ImageNet_Training - INFO - Saved BEST MODEL: /home/ubuntu/repos/Learnings/MNIST_Model/Reference/ImageNet_ResNet50/experiments/phase2_finetune/models/best_checkpoint_epoch006.pt
2025-10-19 07:04:45,833 - ImageNet_Training - INFO - Starting Epoch 7/100
2025-10-19 07:22:34,755 - ImageNet_Training - INFO - Epoch   7: Train Loss: 4.9168, Train Top-1: 15.12%, Train Top-5: 34.52% | Test Loss: 4.6928, Test Top-1: 17.56%, Test Top-5: 39.18% | LR: 0.503006 | Gap: -2.44% | GPU: 2086MB
2025-10-19 07:22:35,548 - ImageNet_Training - INFO - Saved BEST MODEL: /home/ubuntu/repos/Learnings/MNIST_Model/Reference/ImageNet_ResNet50/experiments/phase2_finetune/models/best_checkpoint_epoch007.pt
2025-10-19 07:22:35,549 - ImageNet_Training - INFO - Starting Epoch 8/100
2025-10-19 07:40:24,527 - ImageNet_Training - INFO - Epoch   8: Train Loss: 4.8806, Train Top-1: 15.64%, Train Top-5: 35.40% | Test Loss: 4.8083, Test Top-1: 16.54%, Test Top-5: 37.81% | LR: 0.597088 | Gap: -0.90% | GPU: 2086MB
2025-10-19 07:40:24,528 - ImageNet_Training - INFO - Starting Epoch 9/100
2025-10-19 07:58:13,921 - ImageNet_Training - INFO - Epoch   9: Train Loss: 4.8569, Train Top-1: 15.99%, Train Top-5: 35.95% | Test Loss: 4.8033, Test Top-1: 16.97%, Test Top-5: 38.40% | LR: 0.689111 | Gap: -0.98% | GPU: 2086MB
2025-10-19 07:58:13,921 - ImageNet_Training - INFO - Starting Epoch 10/100
2025-10-19 08:16:03,856 - ImageNet_Training - INFO - Epoch  10: Train Loss: 4.8472, Train Top-1: 16.11%, Train Top-5: 36.14% | Test Loss: 4.7871, Test Top-1: 16.68%, Test Top-5: 37.40% | LR: 0.775054 | Gap: -0.57% | GPU: 2086MB
2025-10-19 08:16:04,655 - ImageNet_Training - INFO - Saved Checkpoint (Epoch 10): /home/ubuntu/repos/Learnings/MNIST_Model/Reference/ImageNet_ResNet50/experiments/phase2_finetune/models/checkpoint_epoch010.pt
2025-10-19 08:16:04,656 - ImageNet_Training - INFO - Starting Epoch 11/100
2025-10-19 08:33:54,049 - ImageNet_Training - INFO - Epoch  11: Train Loss: 4.8395, Train Top-1: 16.40%, Train Top-5: 36.36% | Test Loss: 4.6489, Test Top-1: 17.84%, Test Top-5: 40.31% | LR: 0.851160 | Gap: -1.44% | GPU: 2086MB
2025-10-19 08:33:54,840 - ImageNet_Training - INFO - Saved BEST MODEL: /home/ubuntu/repos/Learnings/MNIST_Model/Reference/ImageNet_ResNet50/experiments/phase2_finetune/models/best_checkpoint_epoch011.pt
2025-10-19 08:33:54,841 - ImageNet_Training - INFO - Starting Epoch 12/100
2025-10-19 08:51:43,133 - ImageNet_Training - INFO - Epoch  12: Train Loss: 4.8420, Train Top-1: 16.24%, Train Top-5: 36.29% | Test Loss: 4.9893, Test Top-1: 15.97%, Test Top-5: 35.90% | LR: 0.914102 | Gap: 0.27% | GPU: 2086MB
2025-10-19 08:51:43,134 - ImageNet_Training - INFO - Starting Epoch 13/100
2025-10-19 09:09:31,563 - ImageNet_Training - INFO - Epoch  13: Train Loss: 4.8434, Train Top-1: 16.11%, Train Top-5: 36.25% | Test Loss: 4.8034, Test Top-1: 17.04%, Test Top-5: 38.51% | LR: 0.961129 | Gap: -0.93% | GPU: 2086MB
2025-10-19 09:09:31,564 - ImageNet_Training - INFO - Starting Epoch 14/100
2025-10-19 09:27:19,771 - ImageNet_Training - INFO - Epoch  14: Train Loss: 4.8390, Train Top-1: 16.24%, Train Top-5: 36.41% | Test Loss: 4.7931, Test Top-1: 16.54%, Test Top-5: 37.75% | LR: 0.990185 | Gap: -0.30% | GPU: 2086MB
2025-10-19 09:27:19,772 - ImageNet_Training - INFO - Starting Epoch 15/100
2025-10-19 09:45:08,161 - ImageNet_Training - INFO - Epoch  15: Train Loss: 4.8353, Train Top-1: 16.39%, Train Top-5: 36.50% | Test Loss: 4.8377, Test Top-1: 16.44%, Test Top-5: 37.49% | LR: 1.000000 | Gap: -0.04% | GPU: 2086MB
2025-10-19 09:45:08,971 - ImageNet_Training - INFO - Saved Checkpoint (Epoch 15): /home/ubuntu/repos/Learnings/MNIST_Model/Reference/ImageNet_ResNet50/experiments/phase2_finetune/models/checkpoint_epoch015.pt
2025-10-19 09:45:08,972 - ImageNet_Training - INFO - Starting Epoch 16/100
2025-10-19 10:02:57,278 - ImageNet_Training - INFO - Epoch  16: Train Loss: 4.8221, Train Top-1: 16.61%, Train Top-5: 36.88% | Test Loss: 4.9584, Test Top-1: 15.68%, Test Top-5: 36.81% | LR: 0.999658 | Gap: 0.93% | GPU: 2086MB
2025-10-19 10:02:57,279 - ImageNet_Training - INFO - Starting Epoch 17/100
2025-10-19 10:20:45,919 - ImageNet_Training - INFO - Epoch  17: Train Loss: 4.8162, Train Top-1: 16.63%, Train Top-5: 36.94% | Test Loss: 4.7144, Test Top-1: 17.80%, Test Top-5: 39.59% | LR: 0.998633 | Gap: -1.17% | GPU: 2086MB
2025-10-19 10:20:45,920 - ImageNet_Training - INFO - Starting Epoch 18/100
2025-10-19 10:38:33,566 - ImageNet_Training - INFO - Epoch  18: Train Loss: 4.8107, Train Top-1: 16.74%, Train Top-5: 37.05% | Test Loss: 4.9391, Test Top-1: 15.38%, Test Top-5: 34.83% | LR: 0.996928 | Gap: 1.36% | GPU: 2086MB
2025-10-19 10:38:33,566 - ImageNet_Training - INFO - Starting Epoch 19/100
2025-10-19 10:56:20,614 - ImageNet_Training - INFO - Epoch  19: Train Loss: 4.8022, Train Top-1: 16.84%, Train Top-5: 37.22% | Test Loss: 4.6518, Test Top-1: 18.99%, Test Top-5: 41.56% | LR: 0.994544 | Gap: -2.15% | GPU: 2086MB
2025-10-19 10:56:21,420 - ImageNet_Training - INFO - Saved BEST MODEL: /home/ubuntu/repos/Learnings/MNIST_Model/Reference/ImageNet_ResNet50/experiments/phase2_finetune/models/best_checkpoint_epoch019.pt
2025-10-19 10:56:21,421 - ImageNet_Training - INFO - Starting Epoch 20/100
2025-10-19 11:14:08,053 - ImageNet_Training - INFO - Epoch  20: Train Loss: 4.8019, Train Top-1: 16.97%, Train Top-5: 37.36% | Test Loss: 4.7662, Test Top-1: 16.86%, Test Top-5: 38.36% | LR: 0.991484 | Gap: 0.10% | GPU: 2086MB
2025-10-19 11:14:08,870 - ImageNet_Training - INFO - Saved Checkpoint (Epoch 20): /home/ubuntu/repos/Learnings/MNIST_Model/Reference/ImageNet_ResNet50/experiments/phase2_finetune/models/checkpoint_epoch020.pt
2025-10-19 11:14:08,871 - ImageNet_Training - INFO - Starting Epoch 21/100
2025-10-19 11:31:55,635 - ImageNet_Training - INFO - Epoch  21: Train Loss: 4.7890, Train Top-1: 17.13%, Train Top-5: 37.59% | Test Loss: 4.7831, Test Top-1: 17.18%, Test Top-5: 38.25% | LR: 0.987753 | Gap: -0.05% | GPU: 2086MB
2025-10-19 11:31:55,636 - ImageNet_Training - INFO - Starting Epoch 22/100
2025-10-19 11:49:42,002 - ImageNet_Training - INFO - Epoch  22: Train Loss: 4.7878, Train Top-1: 17.14%, Train Top-5: 37.60% | Test Loss: 4.7045, Test Top-1: 18.19%, Test Top-5: 39.70% | LR: 0.983356 | Gap: -1.05% | GPU: 2086MB
2025-10-19 11:49:42,002 - ImageNet_Training - INFO - Starting Epoch 23/100
2025-10-19 12:07:28,514 - ImageNet_Training - INFO - Epoch  23: Train Loss: 4.7823, Train Top-1: 17.08%, Train Top-5: 37.75% | Test Loss: 4.6692, Test Top-1: 18.77%, Test Top-5: 40.85% | LR: 0.978299 | Gap: -1.69% | GPU: 2086MB
2025-10-19 12:07:28,514 - ImageNet_Training - INFO - Starting Epoch 24/100
2025-10-19 12:25:14,050 - ImageNet_Training - INFO - Epoch  24: Train Loss: 4.7773, Train Top-1: 17.26%, Train Top-5: 37.89% | Test Loss: 4.7448, Test Top-1: 17.90%, Test Top-5: 39.45% | LR: 0.972589 | Gap: -0.65% | GPU: 2086MB
2025-10-19 12:25:14,051 - ImageNet_Training - INFO - Starting Epoch 25/100
2025-10-19 12:42:59,223 - ImageNet_Training - INFO - Epoch  25: Train Loss: 4.7698, Train Top-1: 17.37%, Train Top-5: 38.07% | Test Loss: 4.7590, Test Top-1: 17.37%, Test Top-5: 38.97% | LR: 0.966233 | Gap: -0.01% | GPU: 2086MB
2025-10-19 12:43:00,012 - ImageNet_Training - INFO - Saved Checkpoint (Epoch 25): /home/ubuntu/repos/Learnings/MNIST_Model/Reference/ImageNet_ResNet50/experiments/phase2_finetune/models/checkpoint_epoch025.pt
2025-10-19 12:43:00,013 - ImageNet_Training - INFO - Starting Epoch 26/100
2025-10-19 13:00:45,394 - ImageNet_Training - INFO - Epoch  26: Train Loss: 4.7770, Train Top-1: 17.24%, Train Top-5: 37.94% | Test Loss: 4.8025, Test Top-1: 17.29%, Test Top-5: 38.84% | LR: 0.959240 | Gap: -0.04% | GPU: 2086MB
2025-10-19 13:00:45,395 - ImageNet_Training - INFO - Starting Epoch 27/100
2025-10-19 13:18:30,149 - ImageNet_Training - INFO - Epoch  27: Train Loss: 4.7626, Train Top-1: 17.44%, Train Top-5: 38.29% | Test Loss: 4.6296, Test Top-1: 18.89%, Test Top-5: 41.33% | LR: 0.951621 | Gap: -1.45% | GPU: 2086MB
2025-10-19 13:18:30,150 - ImageNet_Training - INFO - Starting Epoch 28/100
2025-10-19 13:36:15,236 - ImageNet_Training - INFO - Epoch  28: Train Loss: 4.7636, Train Top-1: 17.46%, Train Top-5: 38.18% | Test Loss: 4.7014, Test Top-1: 18.15%, Test Top-5: 40.56% | LR: 0.943384 | Gap: -0.70% | GPU: 2086MB
2025-10-19 13:36:15,237 - ImageNet_Training - INFO - Starting Epoch 29/100
2025-10-19 13:54:00,199 - ImageNet_Training - INFO - Epoch  29: Train Loss: 4.7551, Train Top-1: 17.45%, Train Top-5: 38.47% | Test Loss: 4.7890, Test Top-1: 17.31%, Test Top-5: 38.84% | LR: 0.934542 | Gap: 0.15% | GPU: 2086MB
2025-10-19 13:54:00,200 - ImageNet_Training - INFO - Early stopping triggered after 10 epochs without improvement
2025-10-19 13:54:00,200 - ImageNet_Training - INFO - ======================================================================
2025-10-19 13:54:00,200 - ImageNet_Training - INFO - TRAINING COMPLETED SUCCESSFULLY
2025-10-19 13:54:00,200 - ImageNet_Training - INFO - ======================================================================
2025-10-19 13:54:00,200 - ImageNet_Training - INFO - Final Train Loss: 4.7551
2025-10-19 13:54:00,200 - ImageNet_Training - INFO - Final Test Loss: 4.7890
2025-10-19 13:54:00,200 - ImageNet_Training - INFO - Final Train Top-1 Acc: 17.45%
2025-10-19 13:54:00,200 - ImageNet_Training - INFO - Final Test Top-1 Acc: 17.31%
2025-10-19 13:54:00,200 - ImageNet_Training - INFO - Best Test Top-1 Acc: 18.99%
2025-10-19 13:54:00,200 - ImageNet_Training - INFO - Final Test Top-5 Acc: 38.84%
2025-10-19 13:54:00,200 - ImageNet_Training - INFO - Best Test Top-5 Acc: 41.56%
2025-10-19 13:54:00,200 - ImageNet_Training - INFO - ======================================================================
2025-10-19 13:54:00,200 - ImageNet_Training - INFO - Saving training results...
