2025-10-29 13:55:48,323 - ImageNet_Training - INFO - Logger initialized. Log file: /home/ubuntu/repos/Learnings/MNIST_Model/Reference/ImageNet_ResNet50/experiments/final/logs/20251029_135548_imagenet_training.log
2025-10-29 13:55:48,323 - ImageNet_Training - INFO - Configuration Summary:
2025-10-29 13:55:48,323 - ImageNet_Training - INFO -   Dataset: ImageNet-1k
2025-10-29 13:55:48,323 - ImageNet_Training - INFO -   Model: resnet50
2025-10-29 13:55:48,323 - ImageNet_Training - INFO -   Input Size: 224x224
2025-10-29 13:55:48,323 - ImageNet_Training - INFO -   Num Classes: 1000
2025-10-29 13:55:48,323 - ImageNet_Training - INFO -   Batch Size: 32
2025-10-29 13:55:48,324 - ImageNet_Training - INFO -   Gradient Accumulation: 8
2025-10-29 13:55:48,324 - ImageNet_Training - INFO -   Effective Batch Size: 256
2025-10-29 13:55:48,324 - ImageNet_Training - INFO -   Num Workers: 8
2025-10-29 13:55:48,324 - ImageNet_Training - INFO -   Using Subset: 100.0% (stratified)
2025-10-29 13:55:48,324 - ImageNet_Training - INFO -   Epochs: 100
2025-10-29 13:55:48,324 - ImageNet_Training - INFO -   Learning Rate: 0.05
2025-10-29 13:55:48,324 - ImageNet_Training - INFO -   Optimizer: SGD
2025-10-29 13:55:48,324 - ImageNet_Training - INFO -   Scheduler: OneCycleLR
2025-10-29 13:55:48,324 - ImageNet_Training - INFO -   Weight Decay: 0.0002
2025-10-29 13:55:48,324 - ImageNet_Training - INFO -   Mixed Precision: True
2025-10-29 13:55:48,324 - ImageNet_Training - INFO -   Gradient Clipping: 1.0
2025-10-29 13:55:48,324 - ImageNet_Training - INFO -   Label Smoothing: 0.1
2025-10-29 13:55:48,324 - ImageNet_Training - INFO -   Dropout Rate: 0.01
2025-10-29 13:55:48,324 - ImageNet_Training - INFO -   Use Pretrained: False
2025-10-29 13:55:48,324 - ImageNet_Training - INFO - ======================================================================
2025-10-29 13:55:48,547 - ImageNet_Training - INFO - Using device: cuda
2025-10-29 13:55:48,574 - ImageNet_Training - INFO - GPU: Tesla T4
2025-10-29 13:55:48,574 - ImageNet_Training - INFO - GPU Memory: 14.6 GB
2025-10-29 13:55:48,574 - ImageNet_Training - INFO - Setting up data...
2025-10-29 13:55:48,574 - ImageNet_Training - INFO - Loading ImageNet dataset...
2025-10-29 13:55:48,574 - ImageNet_Training - INFO - Train directory: /home/ubuntu/data/imagenet/train
2025-10-29 13:55:48,574 - ImageNet_Training - INFO - Val directory: /home/ubuntu/data/imagenet/val
2025-10-29 13:55:48,576 - ImageNet_Training - INFO - RandAugment enabled: N=5, M=8
2025-10-29 13:55:51,298 - ImageNet_Training - INFO - Creating stratified 100.0% subset...
2025-10-29 13:55:51,356 - ImageNet_Training - INFO - Subset created: 1281167 / 1281167 samples
2025-10-29 13:55:51,356 - ImageNet_Training - INFO - Validation samples: 50000
2025-10-29 13:55:51,356 - ImageNet_Training - INFO - ImageNet data loaders created successfully!
2025-10-29 13:55:51,357 - ImageNet_Training - INFO -   Train batches: 40037
2025-10-29 13:55:51,357 - ImageNet_Training - INFO -   Val batches: 1563
2025-10-29 13:55:51,357 - ImageNet_Training - INFO - Computing dataset statistics...
2025-10-29 13:55:51,357 - ImageNet_Training - INFO - Dataset Statistics:
2025-10-29 13:55:51,357 - ImageNet_Training - INFO -   Train samples: 1,281,167
2025-10-29 13:55:51,357 - ImageNet_Training - INFO -   Val samples: 50,000
2025-10-29 13:55:51,357 - ImageNet_Training - INFO -   Num classes: 1000
2025-10-29 13:55:51,357 - ImageNet_Training - INFO -   Batch size: 32
2025-10-29 13:55:51,357 - ImageNet_Training - INFO -   Input size: 224x224
2025-10-29 13:55:51,357 - ImageNet_Training - INFO -   Subset: 100.0% stratified
2025-10-29 13:55:51,357 - ImageNet_Training - INFO - Verifying stratified subset distribution...
2025-10-29 13:55:51,438 - ImageNet_Training - INFO - Subset contains 1000 classes
2025-10-29 13:55:51,438 - ImageNet_Training - INFO - Samples per class - Min: 732, Max: 1300, Mean: 1281.2, Std: 70.2
2025-10-29 13:55:51,439 - ImageNet_Training - INFO - Building ResNet-50 model...
2025-10-29 13:55:52,052 - ImageNet_Training - INFO - Generating RESNET50 summary...
2025-10-29 13:55:52,849 - ImageNet_Training - INFO - RESNET50 Architecture Summary:
2025-10-29 13:55:52,849 - ImageNet_Training - INFO -   Total Parameters: 25,557,032
2025-10-29 13:55:52,849 - ImageNet_Training - INFO -   Trainable Parameters: 25,557,032
2025-10-29 13:55:52,849 - ImageNet_Training - INFO -   Model Size: 97.49 MB
2025-10-29 13:55:52,849 - ImageNet_Training - INFO -   Batch Normalization: Yes
2025-10-29 13:55:52,849 - ImageNet_Training - INFO -   Dropout: Yes
2025-10-29 13:55:52,849 - ImageNet_Training - INFO -   FC Layers: Yes
2025-10-29 13:55:52,849 - ImageNet_Training - INFO -   Global Pooling: Yes
2025-10-29 13:55:52,849 - ImageNet_Training - INFO - ======================================================================
2025-10-29 13:55:52,849 - ImageNet_Training - INFO - DETAILED MODEL ARCHITECTURE
2025-10-29 13:55:52,849 - ImageNet_Training - INFO - ======================================================================
2025-10-29 13:55:52,849 - ImageNet_Training - INFO - ==========================================================================================
2025-10-29 13:55:52,849 - ImageNet_Training - INFO - Layer (type:depth-idx)                   Output Shape              Param #
2025-10-29 13:55:52,849 - ImageNet_Training - INFO - ==========================================================================================
2025-10-29 13:55:52,849 - ImageNet_Training - INFO - ├─Conv2d: 1-1                            [-1, 64, 112, 112]        9,408
2025-10-29 13:55:52,849 - ImageNet_Training - INFO - ├─BatchNorm2d: 1-2                       [-1, 64, 112, 112]        128
2025-10-29 13:55:52,849 - ImageNet_Training - INFO - ├─ReLU: 1-3                              [-1, 64, 112, 112]        --
2025-10-29 13:55:52,849 - ImageNet_Training - INFO - ├─MaxPool2d: 1-4                         [-1, 64, 56, 56]          --
2025-10-29 13:55:52,849 - ImageNet_Training - INFO - ├─Sequential: 1-5                        [-1, 256, 56, 56]         --
2025-10-29 13:55:52,850 - ImageNet_Training - INFO - |    └─BottleneckBlock: 2-1              [-1, 256, 56, 56]         --
2025-10-29 13:55:52,850 - ImageNet_Training - INFO - |    |    └─Conv2d: 3-1                  [-1, 64, 56, 56]          4,096
2025-10-29 13:55:52,850 - ImageNet_Training - INFO - |    |    └─BatchNorm2d: 3-2             [-1, 64, 56, 56]          128
2025-10-29 13:55:52,850 - ImageNet_Training - INFO - |    |    └─ReLU: 3-3                    [-1, 64, 56, 56]          --
2025-10-29 13:55:52,850 - ImageNet_Training - INFO - |    |    └─Conv2d: 3-4                  [-1, 64, 56, 56]          36,864
2025-10-29 13:55:52,850 - ImageNet_Training - INFO - |    |    └─BatchNorm2d: 3-5             [-1, 64, 56, 56]          128
2025-10-29 13:55:52,850 - ImageNet_Training - INFO - |    |    └─ReLU: 3-6                    [-1, 64, 56, 56]          --
2025-10-29 13:55:52,850 - ImageNet_Training - INFO - |    |    └─Conv2d: 3-7                  [-1, 256, 56, 56]         16,384
2025-10-29 13:55:52,850 - ImageNet_Training - INFO - |    |    └─BatchNorm2d: 3-8             [-1, 256, 56, 56]         512
2025-10-29 13:55:52,850 - ImageNet_Training - INFO - |    |    └─Sequential: 3-9              [-1, 256, 56, 56]         16,896
2025-10-29 13:55:52,850 - ImageNet_Training - INFO - |    |    └─ReLU: 3-10                   [-1, 256, 56, 56]         --
2025-10-29 13:55:52,850 - ImageNet_Training - INFO - |    |    └─Dropout2d: 3-11              [-1, 256, 56, 56]         --
2025-10-29 13:55:52,850 - ImageNet_Training - INFO - |    └─BottleneckBlock: 2-2              [-1, 256, 56, 56]         --
2025-10-29 13:55:52,850 - ImageNet_Training - INFO - |    |    └─Conv2d: 3-12                 [-1, 64, 56, 56]          16,384
2025-10-29 13:55:52,850 - ImageNet_Training - INFO - |    |    └─BatchNorm2d: 3-13            [-1, 64, 56, 56]          128
2025-10-29 13:55:52,850 - ImageNet_Training - INFO - |    |    └─ReLU: 3-14                   [-1, 64, 56, 56]          --
2025-10-29 13:55:52,850 - ImageNet_Training - INFO - |    |    └─Conv2d: 3-15                 [-1, 64, 56, 56]          36,864
2025-10-29 13:55:52,850 - ImageNet_Training - INFO - |    |    └─BatchNorm2d: 3-16            [-1, 64, 56, 56]          128
2025-10-29 13:55:52,850 - ImageNet_Training - INFO - |    |    └─ReLU: 3-17                   [-1, 64, 56, 56]          --
2025-10-29 13:55:52,850 - ImageNet_Training - INFO - |    |    └─Conv2d: 3-18                 [-1, 256, 56, 56]         16,384
2025-10-29 13:55:52,850 - ImageNet_Training - INFO - |    |    └─BatchNorm2d: 3-19            [-1, 256, 56, 56]         512
2025-10-29 13:55:52,850 - ImageNet_Training - INFO - |    |    └─ReLU: 3-20                   [-1, 256, 56, 56]         --
2025-10-29 13:55:52,850 - ImageNet_Training - INFO - |    |    └─Dropout2d: 3-21              [-1, 256, 56, 56]         --
2025-10-29 13:55:52,850 - ImageNet_Training - INFO - |    └─BottleneckBlock: 2-3              [-1, 256, 56, 56]         --
2025-10-29 13:55:52,850 - ImageNet_Training - INFO - |    |    └─Conv2d: 3-22                 [-1, 64, 56, 56]          16,384
2025-10-29 13:55:52,850 - ImageNet_Training - INFO - |    |    └─BatchNorm2d: 3-23            [-1, 64, 56, 56]          128
2025-10-29 13:55:52,850 - ImageNet_Training - INFO - |    |    └─ReLU: 3-24                   [-1, 64, 56, 56]          --
2025-10-29 13:55:52,850 - ImageNet_Training - INFO - |    |    └─Conv2d: 3-25                 [-1, 64, 56, 56]          36,864
2025-10-29 13:55:52,850 - ImageNet_Training - INFO - |    |    └─BatchNorm2d: 3-26            [-1, 64, 56, 56]          128
2025-10-29 13:55:52,850 - ImageNet_Training - INFO - |    |    └─ReLU: 3-27                   [-1, 64, 56, 56]          --
2025-10-29 13:55:52,850 - ImageNet_Training - INFO - |    |    └─Conv2d: 3-28                 [-1, 256, 56, 56]         16,384
2025-10-29 13:55:52,850 - ImageNet_Training - INFO - |    |    └─BatchNorm2d: 3-29            [-1, 256, 56, 56]         512
2025-10-29 13:55:52,851 - ImageNet_Training - INFO - |    |    └─ReLU: 3-30                   [-1, 256, 56, 56]         --
2025-10-29 13:55:52,851 - ImageNet_Training - INFO - |    |    └─Dropout2d: 3-31              [-1, 256, 56, 56]         --
2025-10-29 13:55:52,851 - ImageNet_Training - INFO - ├─Sequential: 1-6                        [-1, 512, 28, 28]         --
2025-10-29 13:55:52,851 - ImageNet_Training - INFO - |    └─BottleneckBlock: 2-4              [-1, 512, 28, 28]         --
2025-10-29 13:55:52,851 - ImageNet_Training - INFO - |    |    └─Conv2d: 3-32                 [-1, 128, 56, 56]         32,768
2025-10-29 13:55:52,851 - ImageNet_Training - INFO - |    |    └─BatchNorm2d: 3-33            [-1, 128, 56, 56]         256
2025-10-29 13:55:52,851 - ImageNet_Training - INFO - |    |    └─ReLU: 3-34                   [-1, 128, 56, 56]         --
2025-10-29 13:55:52,851 - ImageNet_Training - INFO - |    |    └─Conv2d: 3-35                 [-1, 128, 28, 28]         147,456
2025-10-29 13:55:52,851 - ImageNet_Training - INFO - |    |    └─BatchNorm2d: 3-36            [-1, 128, 28, 28]         256
2025-10-29 13:55:52,851 - ImageNet_Training - INFO - |    |    └─ReLU: 3-37                   [-1, 128, 28, 28]         --
2025-10-29 13:55:52,851 - ImageNet_Training - INFO - |    |    └─Conv2d: 3-38                 [-1, 512, 28, 28]         65,536
2025-10-29 13:55:52,851 - ImageNet_Training - INFO - |    |    └─BatchNorm2d: 3-39            [-1, 512, 28, 28]         1,024
2025-10-29 13:55:52,851 - ImageNet_Training - INFO - |    |    └─Sequential: 3-40             [-1, 512, 28, 28]         132,096
2025-10-29 13:55:52,851 - ImageNet_Training - INFO - |    |    └─ReLU: 3-41                   [-1, 512, 28, 28]         --
2025-10-29 13:55:52,851 - ImageNet_Training - INFO - |    |    └─Dropout2d: 3-42              [-1, 512, 28, 28]         --
2025-10-29 13:55:52,851 - ImageNet_Training - INFO - |    └─BottleneckBlock: 2-5              [-1, 512, 28, 28]         --
2025-10-29 13:55:52,851 - ImageNet_Training - INFO - |    |    └─Conv2d: 3-43                 [-1, 128, 28, 28]         65,536
2025-10-29 13:55:52,851 - ImageNet_Training - INFO - |    |    └─BatchNorm2d: 3-44            [-1, 128, 28, 28]         256
2025-10-29 13:55:52,851 - ImageNet_Training - INFO - |    |    └─ReLU: 3-45                   [-1, 128, 28, 28]         --
2025-10-29 13:55:52,851 - ImageNet_Training - INFO - |    |    └─Conv2d: 3-46                 [-1, 128, 28, 28]         147,456
2025-10-29 13:55:52,851 - ImageNet_Training - INFO - |    |    └─BatchNorm2d: 3-47            [-1, 128, 28, 28]         256
2025-10-29 13:55:52,851 - ImageNet_Training - INFO - |    |    └─ReLU: 3-48                   [-1, 128, 28, 28]         --
2025-10-29 13:55:52,851 - ImageNet_Training - INFO - |    |    └─Conv2d: 3-49                 [-1, 512, 28, 28]         65,536
2025-10-29 13:55:52,851 - ImageNet_Training - INFO - |    |    └─BatchNorm2d: 3-50            [-1, 512, 28, 28]         1,024
2025-10-29 13:55:52,851 - ImageNet_Training - INFO - |    |    └─ReLU: 3-51                   [-1, 512, 28, 28]         --
2025-10-29 13:55:52,851 - ImageNet_Training - INFO - |    |    └─Dropout2d: 3-52              [-1, 512, 28, 28]         --
2025-10-29 13:55:52,851 - ImageNet_Training - INFO - |    └─BottleneckBlock: 2-6              [-1, 512, 28, 28]         --
2025-10-29 13:55:52,851 - ImageNet_Training - INFO - |    |    └─Conv2d: 3-53                 [-1, 128, 28, 28]         65,536
2025-10-29 13:55:52,851 - ImageNet_Training - INFO - |    |    └─BatchNorm2d: 3-54            [-1, 128, 28, 28]         256
2025-10-29 13:55:52,851 - ImageNet_Training - INFO - |    |    └─ReLU: 3-55                   [-1, 128, 28, 28]         --
2025-10-29 13:55:52,851 - ImageNet_Training - INFO - |    |    └─Conv2d: 3-56                 [-1, 128, 28, 28]         147,456
2025-10-29 13:55:52,851 - ImageNet_Training - INFO - |    |    └─BatchNorm2d: 3-57            [-1, 128, 28, 28]         256
2025-10-29 13:55:52,851 - ImageNet_Training - INFO - |    |    └─ReLU: 3-58                   [-1, 128, 28, 28]         --
2025-10-29 13:55:52,852 - ImageNet_Training - INFO - |    |    └─Conv2d: 3-59                 [-1, 512, 28, 28]         65,536
2025-10-29 13:55:52,852 - ImageNet_Training - INFO - |    |    └─BatchNorm2d: 3-60            [-1, 512, 28, 28]         1,024
2025-10-29 13:55:52,852 - ImageNet_Training - INFO - |    |    └─ReLU: 3-61                   [-1, 512, 28, 28]         --
2025-10-29 13:55:52,852 - ImageNet_Training - INFO - |    |    └─Dropout2d: 3-62              [-1, 512, 28, 28]         --
2025-10-29 13:55:52,852 - ImageNet_Training - INFO - |    └─BottleneckBlock: 2-7              [-1, 512, 28, 28]         --
2025-10-29 13:55:52,852 - ImageNet_Training - INFO - |    |    └─Conv2d: 3-63                 [-1, 128, 28, 28]         65,536
2025-10-29 13:55:52,852 - ImageNet_Training - INFO - |    |    └─BatchNorm2d: 3-64            [-1, 128, 28, 28]         256
2025-10-29 13:55:52,852 - ImageNet_Training - INFO - |    |    └─ReLU: 3-65                   [-1, 128, 28, 28]         --
2025-10-29 13:55:52,852 - ImageNet_Training - INFO - |    |    └─Conv2d: 3-66                 [-1, 128, 28, 28]         147,456
2025-10-29 13:55:52,852 - ImageNet_Training - INFO - |    |    └─BatchNorm2d: 3-67            [-1, 128, 28, 28]         256
2025-10-29 13:55:52,852 - ImageNet_Training - INFO - |    |    └─ReLU: 3-68                   [-1, 128, 28, 28]         --
2025-10-29 13:55:52,852 - ImageNet_Training - INFO - |    |    └─Conv2d: 3-69                 [-1, 512, 28, 28]         65,536
2025-10-29 13:55:52,852 - ImageNet_Training - INFO - |    |    └─BatchNorm2d: 3-70            [-1, 512, 28, 28]         1,024
2025-10-29 13:55:52,852 - ImageNet_Training - INFO - |    |    └─ReLU: 3-71                   [-1, 512, 28, 28]         --
2025-10-29 13:55:52,852 - ImageNet_Training - INFO - |    |    └─Dropout2d: 3-72              [-1, 512, 28, 28]         --
2025-10-29 13:55:52,852 - ImageNet_Training - INFO - ├─Sequential: 1-7                        [-1, 1024, 14, 14]        --
2025-10-29 13:55:52,852 - ImageNet_Training - INFO - |    └─BottleneckBlock: 2-8              [-1, 1024, 14, 14]        --
2025-10-29 13:55:52,852 - ImageNet_Training - INFO - |    |    └─Conv2d: 3-73                 [-1, 256, 28, 28]         131,072
2025-10-29 13:55:52,852 - ImageNet_Training - INFO - |    |    └─BatchNorm2d: 3-74            [-1, 256, 28, 28]         512
2025-10-29 13:55:52,852 - ImageNet_Training - INFO - |    |    └─ReLU: 3-75                   [-1, 256, 28, 28]         --
2025-10-29 13:55:52,852 - ImageNet_Training - INFO - |    |    └─Conv2d: 3-76                 [-1, 256, 14, 14]         589,824
2025-10-29 13:55:52,852 - ImageNet_Training - INFO - |    |    └─BatchNorm2d: 3-77            [-1, 256, 14, 14]         512
2025-10-29 13:55:52,852 - ImageNet_Training - INFO - |    |    └─ReLU: 3-78                   [-1, 256, 14, 14]         --
2025-10-29 13:55:52,852 - ImageNet_Training - INFO - |    |    └─Conv2d: 3-79                 [-1, 1024, 14, 14]        262,144
2025-10-29 13:55:52,852 - ImageNet_Training - INFO - |    |    └─BatchNorm2d: 3-80            [-1, 1024, 14, 14]        2,048
2025-10-29 13:55:52,852 - ImageNet_Training - INFO - |    |    └─Sequential: 3-81             [-1, 1024, 14, 14]        526,336
2025-10-29 13:55:52,852 - ImageNet_Training - INFO - |    |    └─ReLU: 3-82                   [-1, 1024, 14, 14]        --
2025-10-29 13:55:52,852 - ImageNet_Training - INFO - |    |    └─Dropout2d: 3-83              [-1, 1024, 14, 14]        --
2025-10-29 13:55:52,852 - ImageNet_Training - INFO - |    └─BottleneckBlock: 2-9              [-1, 1024, 14, 14]        --
2025-10-29 13:55:52,852 - ImageNet_Training - INFO - |    |    └─Conv2d: 3-84                 [-1, 256, 14, 14]         262,144
2025-10-29 13:55:52,852 - ImageNet_Training - INFO - |    |    └─BatchNorm2d: 3-85            [-1, 256, 14, 14]         512
2025-10-29 13:55:52,853 - ImageNet_Training - INFO - |    |    └─ReLU: 3-86                   [-1, 256, 14, 14]         --
2025-10-29 13:55:52,853 - ImageNet_Training - INFO - |    |    └─Conv2d: 3-87                 [-1, 256, 14, 14]         589,824
2025-10-29 13:55:52,853 - ImageNet_Training - INFO - |    |    └─BatchNorm2d: 3-88            [-1, 256, 14, 14]         512
2025-10-29 13:55:52,853 - ImageNet_Training - INFO - |    |    └─ReLU: 3-89                   [-1, 256, 14, 14]         --
2025-10-29 13:55:52,853 - ImageNet_Training - INFO - |    |    └─Conv2d: 3-90                 [-1, 1024, 14, 14]        262,144
2025-10-29 13:55:52,853 - ImageNet_Training - INFO - |    |    └─BatchNorm2d: 3-91            [-1, 1024, 14, 14]        2,048
2025-10-29 13:55:52,853 - ImageNet_Training - INFO - |    |    └─ReLU: 3-92                   [-1, 1024, 14, 14]        --
2025-10-29 13:55:52,853 - ImageNet_Training - INFO - |    |    └─Dropout2d: 3-93              [-1, 1024, 14, 14]        --
2025-10-29 13:55:52,853 - ImageNet_Training - INFO - |    └─BottleneckBlock: 2-10             [-1, 1024, 14, 14]        --
2025-10-29 13:55:52,853 - ImageNet_Training - INFO - |    |    └─Conv2d: 3-94                 [-1, 256, 14, 14]         262,144
2025-10-29 13:55:52,853 - ImageNet_Training - INFO - |    |    └─BatchNorm2d: 3-95            [-1, 256, 14, 14]         512
2025-10-29 13:55:52,853 - ImageNet_Training - INFO - |    |    └─ReLU: 3-96                   [-1, 256, 14, 14]         --
2025-10-29 13:55:52,853 - ImageNet_Training - INFO - |    |    └─Conv2d: 3-97                 [-1, 256, 14, 14]         589,824
2025-10-29 13:55:52,853 - ImageNet_Training - INFO - |    |    └─BatchNorm2d: 3-98            [-1, 256, 14, 14]         512
2025-10-29 13:55:52,853 - ImageNet_Training - INFO - |    |    └─ReLU: 3-99                   [-1, 256, 14, 14]         --
2025-10-29 13:55:52,853 - ImageNet_Training - INFO - |    |    └─Conv2d: 3-100                [-1, 1024, 14, 14]        262,144
2025-10-29 13:55:52,853 - ImageNet_Training - INFO - |    |    └─BatchNorm2d: 3-101           [-1, 1024, 14, 14]        2,048
2025-10-29 13:55:52,853 - ImageNet_Training - INFO - |    |    └─ReLU: 3-102                  [-1, 1024, 14, 14]        --
2025-10-29 13:55:52,853 - ImageNet_Training - INFO - |    |    └─Dropout2d: 3-103             [-1, 1024, 14, 14]        --
2025-10-29 13:55:52,853 - ImageNet_Training - INFO - |    └─BottleneckBlock: 2-11             [-1, 1024, 14, 14]        --
2025-10-29 13:55:52,853 - ImageNet_Training - INFO - |    |    └─Conv2d: 3-104                [-1, 256, 14, 14]         262,144
2025-10-29 13:55:52,853 - ImageNet_Training - INFO - |    |    └─BatchNorm2d: 3-105           [-1, 256, 14, 14]         512
2025-10-29 13:55:52,853 - ImageNet_Training - INFO - |    |    └─ReLU: 3-106                  [-1, 256, 14, 14]         --
2025-10-29 13:55:52,853 - ImageNet_Training - INFO - |    |    └─Conv2d: 3-107                [-1, 256, 14, 14]         589,824
2025-10-29 13:55:52,853 - ImageNet_Training - INFO - |    |    └─BatchNorm2d: 3-108           [-1, 256, 14, 14]         512
2025-10-29 13:55:52,853 - ImageNet_Training - INFO - |    |    └─ReLU: 3-109                  [-1, 256, 14, 14]         --
2025-10-29 13:55:52,853 - ImageNet_Training - INFO - |    |    └─Conv2d: 3-110                [-1, 1024, 14, 14]        262,144
2025-10-29 13:55:52,853 - ImageNet_Training - INFO - |    |    └─BatchNorm2d: 3-111           [-1, 1024, 14, 14]        2,048
2025-10-29 13:55:52,853 - ImageNet_Training - INFO - |    |    └─ReLU: 3-112                  [-1, 1024, 14, 14]        --
2025-10-29 13:55:52,853 - ImageNet_Training - INFO - |    |    └─Dropout2d: 3-113             [-1, 1024, 14, 14]        --
2025-10-29 13:55:52,853 - ImageNet_Training - INFO - |    └─BottleneckBlock: 2-12             [-1, 1024, 14, 14]        --
2025-10-29 13:55:52,853 - ImageNet_Training - INFO - |    |    └─Conv2d: 3-114                [-1, 256, 14, 14]         262,144
2025-10-29 13:55:52,854 - ImageNet_Training - INFO - |    |    └─BatchNorm2d: 3-115           [-1, 256, 14, 14]         512
2025-10-29 13:55:52,854 - ImageNet_Training - INFO - |    |    └─ReLU: 3-116                  [-1, 256, 14, 14]         --
2025-10-29 13:55:52,854 - ImageNet_Training - INFO - |    |    └─Conv2d: 3-117                [-1, 256, 14, 14]         589,824
2025-10-29 13:55:52,854 - ImageNet_Training - INFO - |    |    └─BatchNorm2d: 3-118           [-1, 256, 14, 14]         512
2025-10-29 13:55:52,854 - ImageNet_Training - INFO - |    |    └─ReLU: 3-119                  [-1, 256, 14, 14]         --
2025-10-29 13:55:52,854 - ImageNet_Training - INFO - |    |    └─Conv2d: 3-120                [-1, 1024, 14, 14]        262,144
2025-10-29 13:55:52,854 - ImageNet_Training - INFO - |    |    └─BatchNorm2d: 3-121           [-1, 1024, 14, 14]        2,048
2025-10-29 13:55:52,854 - ImageNet_Training - INFO - |    |    └─ReLU: 3-122                  [-1, 1024, 14, 14]        --
2025-10-29 13:55:52,854 - ImageNet_Training - INFO - |    |    └─Dropout2d: 3-123             [-1, 1024, 14, 14]        --
2025-10-29 13:55:52,854 - ImageNet_Training - INFO - |    └─BottleneckBlock: 2-13             [-1, 1024, 14, 14]        --
2025-10-29 13:55:52,854 - ImageNet_Training - INFO - |    |    └─Conv2d: 3-124                [-1, 256, 14, 14]         262,144
2025-10-29 13:55:52,854 - ImageNet_Training - INFO - |    |    └─BatchNorm2d: 3-125           [-1, 256, 14, 14]         512
2025-10-29 13:55:52,854 - ImageNet_Training - INFO - |    |    └─ReLU: 3-126                  [-1, 256, 14, 14]         --
2025-10-29 13:55:52,854 - ImageNet_Training - INFO - |    |    └─Conv2d: 3-127                [-1, 256, 14, 14]         589,824
2025-10-29 13:55:52,854 - ImageNet_Training - INFO - |    |    └─BatchNorm2d: 3-128           [-1, 256, 14, 14]         512
2025-10-29 13:55:52,854 - ImageNet_Training - INFO - |    |    └─ReLU: 3-129                  [-1, 256, 14, 14]         --
2025-10-29 13:55:52,854 - ImageNet_Training - INFO - |    |    └─Conv2d: 3-130                [-1, 1024, 14, 14]        262,144
2025-10-29 13:55:52,854 - ImageNet_Training - INFO - |    |    └─BatchNorm2d: 3-131           [-1, 1024, 14, 14]        2,048
2025-10-29 13:55:52,854 - ImageNet_Training - INFO - |    |    └─ReLU: 3-132                  [-1, 1024, 14, 14]        --
2025-10-29 13:55:52,854 - ImageNet_Training - INFO - |    |    └─Dropout2d: 3-133             [-1, 1024, 14, 14]        --
2025-10-29 13:55:52,854 - ImageNet_Training - INFO - ├─Sequential: 1-8                        [-1, 2048, 7, 7]          --
2025-10-29 13:55:52,854 - ImageNet_Training - INFO - |    └─BottleneckBlock: 2-14             [-1, 2048, 7, 7]          --
2025-10-29 13:55:52,854 - ImageNet_Training - INFO - |    |    └─Conv2d: 3-134                [-1, 512, 14, 14]         524,288
2025-10-29 13:55:52,854 - ImageNet_Training - INFO - |    |    └─BatchNorm2d: 3-135           [-1, 512, 14, 14]         1,024
2025-10-29 13:55:52,854 - ImageNet_Training - INFO - |    |    └─ReLU: 3-136                  [-1, 512, 14, 14]         --
2025-10-29 13:55:52,854 - ImageNet_Training - INFO - |    |    └─Conv2d: 3-137                [-1, 512, 7, 7]           2,359,296
2025-10-29 13:55:52,854 - ImageNet_Training - INFO - |    |    └─BatchNorm2d: 3-138           [-1, 512, 7, 7]           1,024
2025-10-29 13:55:52,854 - ImageNet_Training - INFO - |    |    └─ReLU: 3-139                  [-1, 512, 7, 7]           --
2025-10-29 13:55:52,855 - ImageNet_Training - INFO - |    |    └─Conv2d: 3-140                [-1, 2048, 7, 7]          1,048,576
2025-10-29 13:55:52,855 - ImageNet_Training - INFO - |    |    └─BatchNorm2d: 3-141           [-1, 2048, 7, 7]          4,096
2025-10-29 13:55:52,855 - ImageNet_Training - INFO - |    |    └─Sequential: 3-142            [-1, 2048, 7, 7]          2,101,248
2025-10-29 13:55:52,855 - ImageNet_Training - INFO - |    |    └─ReLU: 3-143                  [-1, 2048, 7, 7]          --
2025-10-29 13:55:52,855 - ImageNet_Training - INFO - |    |    └─Dropout2d: 3-144             [-1, 2048, 7, 7]          --
2025-10-29 13:55:52,855 - ImageNet_Training - INFO - |    └─BottleneckBlock: 2-15             [-1, 2048, 7, 7]          --
2025-10-29 13:55:52,855 - ImageNet_Training - INFO - |    |    └─Conv2d: 3-145                [-1, 512, 7, 7]           1,048,576
2025-10-29 13:55:52,855 - ImageNet_Training - INFO - |    |    └─BatchNorm2d: 3-146           [-1, 512, 7, 7]           1,024
2025-10-29 13:55:52,855 - ImageNet_Training - INFO - |    |    └─ReLU: 3-147                  [-1, 512, 7, 7]           --
2025-10-29 13:55:52,855 - ImageNet_Training - INFO - |    |    └─Conv2d: 3-148                [-1, 512, 7, 7]           2,359,296
2025-10-29 13:55:52,855 - ImageNet_Training - INFO - |    |    └─BatchNorm2d: 3-149           [-1, 512, 7, 7]           1,024
2025-10-29 13:55:52,855 - ImageNet_Training - INFO - |    |    └─ReLU: 3-150                  [-1, 512, 7, 7]           --
2025-10-29 13:55:52,855 - ImageNet_Training - INFO - |    |    └─Conv2d: 3-151                [-1, 2048, 7, 7]          1,048,576
2025-10-29 13:55:52,855 - ImageNet_Training - INFO - |    |    └─BatchNorm2d: 3-152           [-1, 2048, 7, 7]          4,096
2025-10-29 13:55:52,855 - ImageNet_Training - INFO - |    |    └─ReLU: 3-153                  [-1, 2048, 7, 7]          --
2025-10-29 13:55:52,855 - ImageNet_Training - INFO - |    |    └─Dropout2d: 3-154             [-1, 2048, 7, 7]          --
2025-10-29 13:55:52,855 - ImageNet_Training - INFO - |    └─BottleneckBlock: 2-16             [-1, 2048, 7, 7]          --
2025-10-29 13:55:52,855 - ImageNet_Training - INFO - |    |    └─Conv2d: 3-155                [-1, 512, 7, 7]           1,048,576
2025-10-29 13:55:52,855 - ImageNet_Training - INFO - |    |    └─BatchNorm2d: 3-156           [-1, 512, 7, 7]           1,024
2025-10-29 13:55:52,855 - ImageNet_Training - INFO - |    |    └─ReLU: 3-157                  [-1, 512, 7, 7]           --
2025-10-29 13:55:52,855 - ImageNet_Training - INFO - |    |    └─Conv2d: 3-158                [-1, 512, 7, 7]           2,359,296
2025-10-29 13:55:52,855 - ImageNet_Training - INFO - |    |    └─BatchNorm2d: 3-159           [-1, 512, 7, 7]           1,024
2025-10-29 13:55:52,855 - ImageNet_Training - INFO - |    |    └─ReLU: 3-160                  [-1, 512, 7, 7]           --
2025-10-29 13:55:52,855 - ImageNet_Training - INFO - |    |    └─Conv2d: 3-161                [-1, 2048, 7, 7]          1,048,576
2025-10-29 13:55:52,855 - ImageNet_Training - INFO - |    |    └─BatchNorm2d: 3-162           [-1, 2048, 7, 7]          4,096
2025-10-29 13:55:52,855 - ImageNet_Training - INFO - |    |    └─ReLU: 3-163                  [-1, 2048, 7, 7]          --
2025-10-29 13:55:52,855 - ImageNet_Training - INFO - |    |    └─Dropout2d: 3-164             [-1, 2048, 7, 7]          --
2025-10-29 13:55:52,855 - ImageNet_Training - INFO - ├─AdaptiveAvgPool2d: 1-9                 [-1, 2048, 1, 1]          --
2025-10-29 13:55:52,855 - ImageNet_Training - INFO - ├─Dropout: 1-10                          [-1, 2048]                --
2025-10-29 13:55:52,856 - ImageNet_Training - INFO - ├─Linear: 1-11                           [-1, 1000]                2,049,000
2025-10-29 13:55:52,856 - ImageNet_Training - INFO - ==========================================================================================
2025-10-29 13:55:52,856 - ImageNet_Training - INFO - Total params: 25,557,032
2025-10-29 13:55:52,856 - ImageNet_Training - INFO - Trainable params: 25,557,032
2025-10-29 13:55:52,856 - ImageNet_Training - INFO - Non-trainable params: 0
2025-10-29 13:55:52,856 - ImageNet_Training - INFO - Total mult-adds (G): 4.14
2025-10-29 13:55:52,856 - ImageNet_Training - INFO - ==========================================================================================
2025-10-29 13:55:52,856 - ImageNet_Training - INFO - Input size (MB): 0.57
2025-10-29 13:55:52,856 - ImageNet_Training - INFO - Forward/backward pass size (MB): 169.59
2025-10-29 13:55:52,856 - ImageNet_Training - INFO - Params size (MB): 97.49
2025-10-29 13:55:52,856 - ImageNet_Training - INFO - Estimated Total Size (MB): 267.66
2025-10-29 13:55:52,856 - ImageNet_Training - INFO - ==========================================================================================
2025-10-29 13:55:52,856 - ImageNet_Training - INFO - ======================================================================
2025-10-29 13:55:52,856 - ImageNet_Training - INFO - Initializing trainer...
2025-10-29 13:55:52,861 - ImageNet_Training - INFO - Using device: cuda
2025-10-29 13:55:52,861 - ImageNet_Training - INFO - Loss function: CrossEntropyLoss
2025-10-29 13:55:52,861 - ImageNet_Training - INFO - Mixed Precision (AMP): True
2025-10-29 13:55:52,861 - ImageNet_Training - INFO - Gradient Accumulation Steps: 8
2025-10-29 13:55:52,861 - ImageNet_Training - INFO - Starting training...
2025-10-29 13:55:52,861 - ImageNet_Training - INFO - Initializing training...
2025-10-29 13:55:52,862 - ImageNet_Training - INFO - Loading checkpoint from: /home/ubuntu/repos/Learnings/MNIST_Model/Reference/ImageNet_ResNet50/experiments/final/models/checkpoint_epoch010.pt
2025-10-29 13:55:53,621 - ImageNet_Training - INFO - Loaded checkpoint from: /home/ubuntu/repos/Learnings/MNIST_Model/Reference/ImageNet_ResNet50/experiments/final/models/checkpoint_epoch010.pt
2025-10-29 13:55:53,621 - ImageNet_Training - INFO -   Resume from epoch: 10
2025-10-29 13:55:53,621 - ImageNet_Training - INFO -   Previous best accuracy: 39.366
2025-10-29 13:55:53,622 - ImageNet_Training - INFO - Resuming from epoch 11
2025-10-29 13:55:53,622 - ImageNet_Training - INFO - Starting Epoch 11/100
2025-10-29 15:20:31,193 - ImageNet_Training - INFO - Epoch  11: Train Loss: 4.1005, Train Top-1: 29.10%, Train Top-5: 53.56% | Test Loss: 3.4933, Test Top-1: 38.65%, Test Top-5: 66.65% | LR: 0.091767 | Gap: -9.55% | GPU: 2085MB
2025-10-29 15:20:32,058 - ImageNet_Training - INFO - Saved BEST MODEL: /home/ubuntu/repos/Learnings/MNIST_Model/Reference/ImageNet_ResNet50/experiments/final/models/best_checkpoint_epoch011.pt
2025-10-29 15:20:32,060 - ImageNet_Training - INFO - Starting Epoch 12/100
2025-10-29 16:45:13,694 - ImageNet_Training - INFO - Epoch  12: Train Loss: 4.1070, Train Top-1: 28.93%, Train Top-5: 53.36% | Test Loss: 3.4895, Test Top-1: 38.91%, Test Top-5: 67.18% | LR: 0.102763 | Gap: -9.98% | GPU: 2085MB
2025-10-29 16:45:13,962 - ImageNet_Training - INFO - Saved BEST MODEL: /home/ubuntu/repos/Learnings/MNIST_Model/Reference/ImageNet_ResNet50/experiments/final/models/best_checkpoint_epoch012.pt
2025-10-29 16:45:13,963 - ImageNet_Training - INFO - Starting Epoch 13/100
2025-10-29 18:09:53,452 - ImageNet_Training - INFO - Epoch  13: Train Loss: 4.1142, Train Top-1: 28.82%, Train Top-5: 53.22% | Test Loss: 3.5306, Test Top-1: 37.87%, Test Top-5: 66.25% | LR: 0.114141 | Gap: -9.05% | GPU: 2085MB
2025-10-29 18:09:53,453 - ImageNet_Training - INFO - Starting Epoch 14/100
2025-10-29 19:34:29,668 - ImageNet_Training - INFO - Epoch  14: Train Loss: 4.1249, Train Top-1: 28.57%, Train Top-5: 52.98% | Test Loss: 3.5840, Test Top-1: 37.19%, Test Top-5: 64.80% | LR: 0.125774 | Gap: -8.62% | GPU: 2085MB
2025-10-29 19:34:29,669 - ImageNet_Training - INFO - Starting Epoch 15/100
2025-10-29 20:59:07,126 - ImageNet_Training - INFO - Epoch  15: Train Loss: 4.1307, Train Top-1: 28.52%, Train Top-5: 52.83% | Test Loss: 3.5677, Test Top-1: 37.30%, Test Top-5: 65.27% | LR: 0.137536 | Gap: -8.78% | GPU: 2085MB
2025-10-29 20:59:07,929 - ImageNet_Training - INFO - Saved Checkpoint (Epoch 15): /home/ubuntu/repos/Learnings/MNIST_Model/Reference/ImageNet_ResNet50/experiments/final/models/checkpoint_epoch015.pt
2025-10-29 20:59:07,930 - ImageNet_Training - INFO - Starting Epoch 16/100
2025-10-29 22:23:44,580 - ImageNet_Training - INFO - Epoch  16: Train Loss: 4.1380, Train Top-1: 28.35%, Train Top-5: 52.66% | Test Loss: 3.6082, Test Top-1: 36.64%, Test Top-5: 64.54% | LR: 0.149298 | Gap: -8.29% | GPU: 2085MB
2025-10-29 22:23:44,582 - ImageNet_Training - INFO - Starting Epoch 17/100
2025-10-29 23:48:19,996 - ImageNet_Training - INFO - Epoch  17: Train Loss: 4.1481, Train Top-1: 28.19%, Train Top-5: 52.43% | Test Loss: 3.6517, Test Top-1: 35.79%, Test Top-5: 63.81% | LR: 0.160931 | Gap: -7.60% | GPU: 2085MB
2025-10-29 23:48:19,998 - ImageNet_Training - INFO - Starting Epoch 18/100
2025-10-30 01:12:54,968 - ImageNet_Training - INFO - Epoch  18: Train Loss: 4.1550, Train Top-1: 28.02%, Train Top-5: 52.26% | Test Loss: 3.5924, Test Top-1: 36.76%, Test Top-5: 64.85% | LR: 0.172306 | Gap: -8.75% | GPU: 2085MB
2025-10-30 01:12:54,969 - ImageNet_Training - INFO - Starting Epoch 19/100
2025-10-30 02:37:29,352 - ImageNet_Training - INFO - Epoch  19: Train Loss: 4.1646, Train Top-1: 27.87%, Train Top-5: 52.08% | Test Loss: 3.6138, Test Top-1: 36.74%, Test Top-5: 64.33% | LR: 0.183300 | Gap: -8.87% | GPU: 2085MB
2025-10-30 02:37:29,353 - ImageNet_Training - INFO - Starting Epoch 20/100
2025-10-30 04:02:05,899 - ImageNet_Training - INFO - Epoch  20: Train Loss: 4.1687, Train Top-1: 27.78%, Train Top-5: 51.98% | Test Loss: 3.6033, Test Top-1: 36.90%, Test Top-5: 64.38% | LR: 0.193792 | Gap: -9.11% | GPU: 2085MB
2025-10-30 04:02:06,709 - ImageNet_Training - INFO - Saved Checkpoint (Epoch 20): /home/ubuntu/repos/Learnings/MNIST_Model/Reference/ImageNet_ResNet50/experiments/final/models/checkpoint_epoch020.pt
2025-10-30 04:02:06,710 - ImageNet_Training - INFO - Starting Epoch 21/100
