2025-10-27 14:43:01,941 - ImageNet_Training - INFO - Logger initialized. Log file: /home/ubuntu/repos/Learnings/MNIST_Model/Reference/ImageNet_ResNet50/experiments/final/logs/20251027_144301_imagenet_training.log
2025-10-27 14:43:01,941 - ImageNet_Training - INFO - Configuration Summary:
2025-10-27 14:43:01,941 - ImageNet_Training - INFO -   Dataset: ImageNet-1k
2025-10-27 14:43:01,941 - ImageNet_Training - INFO -   Model: resnet50
2025-10-27 14:43:01,941 - ImageNet_Training - INFO -   Input Size: 224x224
2025-10-27 14:43:01,941 - ImageNet_Training - INFO -   Num Classes: 1000
2025-10-27 14:43:01,941 - ImageNet_Training - INFO -   Batch Size: 32
2025-10-27 14:43:01,941 - ImageNet_Training - INFO -   Gradient Accumulation: 8
2025-10-27 14:43:01,942 - ImageNet_Training - INFO -   Effective Batch Size: 256
2025-10-27 14:43:01,942 - ImageNet_Training - INFO -   Num Workers: 8
2025-10-27 14:43:01,942 - ImageNet_Training - INFO -   Using Subset: 100.0% (stratified)
2025-10-27 14:43:01,942 - ImageNet_Training - INFO -   Epochs: 100
2025-10-27 14:43:01,942 - ImageNet_Training - INFO -   Learning Rate: 0.05
2025-10-27 14:43:01,942 - ImageNet_Training - INFO -   Optimizer: SGD
2025-10-27 14:43:01,942 - ImageNet_Training - INFO -   Scheduler: OneCycleLR
2025-10-27 14:43:01,942 - ImageNet_Training - INFO -   Weight Decay: 0.0002
2025-10-27 14:43:01,942 - ImageNet_Training - INFO -   Mixed Precision: True
2025-10-27 14:43:01,942 - ImageNet_Training - INFO -   Gradient Clipping: 1.0
2025-10-27 14:43:01,942 - ImageNet_Training - INFO -   Label Smoothing: 0.1
2025-10-27 14:43:01,942 - ImageNet_Training - INFO -   Dropout Rate: 0.01
2025-10-27 14:43:01,942 - ImageNet_Training - INFO -   Use Pretrained: False
2025-10-27 14:43:01,942 - ImageNet_Training - INFO - ======================================================================
2025-10-27 14:43:02,065 - ImageNet_Training - INFO - Using device: cuda
2025-10-27 14:43:02,091 - ImageNet_Training - INFO - GPU: Tesla T4
2025-10-27 14:43:02,091 - ImageNet_Training - INFO - GPU Memory: 14.6 GB
2025-10-27 14:43:02,091 - ImageNet_Training - INFO - Setting up data...
2025-10-27 14:43:02,091 - ImageNet_Training - INFO - Loading ImageNet dataset...
2025-10-27 14:43:02,092 - ImageNet_Training - INFO - Train directory: /home/ubuntu/data/imagenet/train
2025-10-27 14:43:02,092 - ImageNet_Training - INFO - Val directory: /home/ubuntu/data/imagenet/val
2025-10-27 14:43:02,093 - ImageNet_Training - INFO - RandAugment enabled: N=5, M=8
2025-10-27 14:43:04,889 - ImageNet_Training - INFO - Creating stratified 100.0% subset...
2025-10-27 14:43:04,947 - ImageNet_Training - INFO - Subset created: 1281167 / 1281167 samples
2025-10-27 14:43:04,947 - ImageNet_Training - INFO - Validation samples: 50000
2025-10-27 14:43:04,947 - ImageNet_Training - INFO - ImageNet data loaders created successfully!
2025-10-27 14:43:04,947 - ImageNet_Training - INFO -   Train batches: 40037
2025-10-27 14:43:04,948 - ImageNet_Training - INFO -   Val batches: 1563
2025-10-27 14:43:04,948 - ImageNet_Training - INFO - Computing dataset statistics...
2025-10-27 14:43:04,948 - ImageNet_Training - INFO - Dataset Statistics:
2025-10-27 14:43:04,948 - ImageNet_Training - INFO -   Train samples: 1,281,167
2025-10-27 14:43:04,948 - ImageNet_Training - INFO -   Val samples: 50,000
2025-10-27 14:43:04,948 - ImageNet_Training - INFO -   Num classes: 1000
2025-10-27 14:43:04,948 - ImageNet_Training - INFO -   Batch size: 32
2025-10-27 14:43:04,948 - ImageNet_Training - INFO -   Input size: 224x224
2025-10-27 14:43:04,948 - ImageNet_Training - INFO -   Subset: 100.0% stratified
2025-10-27 14:43:04,948 - ImageNet_Training - INFO - Verifying stratified subset distribution...
2025-10-27 14:43:05,027 - ImageNet_Training - INFO - Subset contains 1000 classes
2025-10-27 14:43:05,028 - ImageNet_Training - INFO - Samples per class - Min: 732, Max: 1300, Mean: 1281.2, Std: 70.2
2025-10-27 14:43:05,028 - ImageNet_Training - INFO - Building ResNet-50 model...
2025-10-27 14:43:05,588 - ImageNet_Training - INFO - Generating RESNET50 summary...
2025-10-27 14:43:05,861 - ImageNet_Training - INFO - RESNET50 Architecture Summary:
2025-10-27 14:43:05,861 - ImageNet_Training - INFO -   Total Parameters: 25,557,032
2025-10-27 14:43:05,861 - ImageNet_Training - INFO -   Trainable Parameters: 25,557,032
2025-10-27 14:43:05,861 - ImageNet_Training - INFO -   Model Size: 97.49 MB
2025-10-27 14:43:05,861 - ImageNet_Training - INFO -   Batch Normalization: Yes
2025-10-27 14:43:05,861 - ImageNet_Training - INFO -   Dropout: Yes
2025-10-27 14:43:05,861 - ImageNet_Training - INFO -   FC Layers: Yes
2025-10-27 14:43:05,862 - ImageNet_Training - INFO -   Global Pooling: Yes
2025-10-27 14:43:05,862 - ImageNet_Training - INFO - ======================================================================
2025-10-27 14:43:05,862 - ImageNet_Training - INFO - DETAILED MODEL ARCHITECTURE
2025-10-27 14:43:05,862 - ImageNet_Training - INFO - ======================================================================
2025-10-27 14:43:05,862 - ImageNet_Training - INFO - ==========================================================================================
2025-10-27 14:43:05,862 - ImageNet_Training - INFO - Layer (type:depth-idx)                   Output Shape              Param #
2025-10-27 14:43:05,862 - ImageNet_Training - INFO - ==========================================================================================
2025-10-27 14:43:05,862 - ImageNet_Training - INFO - ├─Conv2d: 1-1                            [-1, 64, 112, 112]        9,408
2025-10-27 14:43:05,862 - ImageNet_Training - INFO - ├─BatchNorm2d: 1-2                       [-1, 64, 112, 112]        128
2025-10-27 14:43:05,862 - ImageNet_Training - INFO - ├─ReLU: 1-3                              [-1, 64, 112, 112]        --
2025-10-27 14:43:05,862 - ImageNet_Training - INFO - ├─MaxPool2d: 1-4                         [-1, 64, 56, 56]          --
2025-10-27 14:43:05,862 - ImageNet_Training - INFO - ├─Sequential: 1-5                        [-1, 256, 56, 56]         --
2025-10-27 14:43:05,862 - ImageNet_Training - INFO - |    └─BottleneckBlock: 2-1              [-1, 256, 56, 56]         --
2025-10-27 14:43:05,862 - ImageNet_Training - INFO - |    |    └─Conv2d: 3-1                  [-1, 64, 56, 56]          4,096
2025-10-27 14:43:05,862 - ImageNet_Training - INFO - |    |    └─BatchNorm2d: 3-2             [-1, 64, 56, 56]          128
2025-10-27 14:43:05,862 - ImageNet_Training - INFO - |    |    └─ReLU: 3-3                    [-1, 64, 56, 56]          --
2025-10-27 14:43:05,862 - ImageNet_Training - INFO - |    |    └─Conv2d: 3-4                  [-1, 64, 56, 56]          36,864
2025-10-27 14:43:05,862 - ImageNet_Training - INFO - |    |    └─BatchNorm2d: 3-5             [-1, 64, 56, 56]          128
2025-10-27 14:43:05,862 - ImageNet_Training - INFO - |    |    └─ReLU: 3-6                    [-1, 64, 56, 56]          --
2025-10-27 14:43:05,862 - ImageNet_Training - INFO - |    |    └─Conv2d: 3-7                  [-1, 256, 56, 56]         16,384
2025-10-27 14:43:05,862 - ImageNet_Training - INFO - |    |    └─BatchNorm2d: 3-8             [-1, 256, 56, 56]         512
2025-10-27 14:43:05,862 - ImageNet_Training - INFO - |    |    └─Sequential: 3-9              [-1, 256, 56, 56]         16,896
2025-10-27 14:43:05,862 - ImageNet_Training - INFO - |    |    └─ReLU: 3-10                   [-1, 256, 56, 56]         --
2025-10-27 14:43:05,862 - ImageNet_Training - INFO - |    |    └─Dropout2d: 3-11              [-1, 256, 56, 56]         --
2025-10-27 14:43:05,862 - ImageNet_Training - INFO - |    └─BottleneckBlock: 2-2              [-1, 256, 56, 56]         --
2025-10-27 14:43:05,862 - ImageNet_Training - INFO - |    |    └─Conv2d: 3-12                 [-1, 64, 56, 56]          16,384
2025-10-27 14:43:05,862 - ImageNet_Training - INFO - |    |    └─BatchNorm2d: 3-13            [-1, 64, 56, 56]          128
2025-10-27 14:43:05,862 - ImageNet_Training - INFO - |    |    └─ReLU: 3-14                   [-1, 64, 56, 56]          --
2025-10-27 14:43:05,862 - ImageNet_Training - INFO - |    |    └─Conv2d: 3-15                 [-1, 64, 56, 56]          36,864
2025-10-27 14:43:05,863 - ImageNet_Training - INFO - |    |    └─BatchNorm2d: 3-16            [-1, 64, 56, 56]          128
2025-10-27 14:43:05,863 - ImageNet_Training - INFO - |    |    └─ReLU: 3-17                   [-1, 64, 56, 56]          --
2025-10-27 14:43:05,863 - ImageNet_Training - INFO - |    |    └─Conv2d: 3-18                 [-1, 256, 56, 56]         16,384
2025-10-27 14:43:05,863 - ImageNet_Training - INFO - |    |    └─BatchNorm2d: 3-19            [-1, 256, 56, 56]         512
2025-10-27 14:43:05,863 - ImageNet_Training - INFO - |    |    └─ReLU: 3-20                   [-1, 256, 56, 56]         --
2025-10-27 14:43:05,863 - ImageNet_Training - INFO - |    |    └─Dropout2d: 3-21              [-1, 256, 56, 56]         --
2025-10-27 14:43:05,863 - ImageNet_Training - INFO - |    └─BottleneckBlock: 2-3              [-1, 256, 56, 56]         --
2025-10-27 14:43:05,863 - ImageNet_Training - INFO - |    |    └─Conv2d: 3-22                 [-1, 64, 56, 56]          16,384
2025-10-27 14:43:05,863 - ImageNet_Training - INFO - |    |    └─BatchNorm2d: 3-23            [-1, 64, 56, 56]          128
2025-10-27 14:43:05,863 - ImageNet_Training - INFO - |    |    └─ReLU: 3-24                   [-1, 64, 56, 56]          --
2025-10-27 14:43:05,863 - ImageNet_Training - INFO - |    |    └─Conv2d: 3-25                 [-1, 64, 56, 56]          36,864
2025-10-27 14:43:05,863 - ImageNet_Training - INFO - |    |    └─BatchNorm2d: 3-26            [-1, 64, 56, 56]          128
2025-10-27 14:43:05,863 - ImageNet_Training - INFO - |    |    └─ReLU: 3-27                   [-1, 64, 56, 56]          --
2025-10-27 14:43:05,863 - ImageNet_Training - INFO - |    |    └─Conv2d: 3-28                 [-1, 256, 56, 56]         16,384
2025-10-27 14:43:05,863 - ImageNet_Training - INFO - |    |    └─BatchNorm2d: 3-29            [-1, 256, 56, 56]         512
2025-10-27 14:43:05,863 - ImageNet_Training - INFO - |    |    └─ReLU: 3-30                   [-1, 256, 56, 56]         --
2025-10-27 14:43:05,863 - ImageNet_Training - INFO - |    |    └─Dropout2d: 3-31              [-1, 256, 56, 56]         --
2025-10-27 14:43:05,863 - ImageNet_Training - INFO - ├─Sequential: 1-6                        [-1, 512, 28, 28]         --
2025-10-27 14:43:05,863 - ImageNet_Training - INFO - |    └─BottleneckBlock: 2-4              [-1, 512, 28, 28]         --
2025-10-27 14:43:05,863 - ImageNet_Training - INFO - |    |    └─Conv2d: 3-32                 [-1, 128, 56, 56]         32,768
2025-10-27 14:43:05,863 - ImageNet_Training - INFO - |    |    └─BatchNorm2d: 3-33            [-1, 128, 56, 56]         256
2025-10-27 14:43:05,863 - ImageNet_Training - INFO - |    |    └─ReLU: 3-34                   [-1, 128, 56, 56]         --
2025-10-27 14:43:05,863 - ImageNet_Training - INFO - |    |    └─Conv2d: 3-35                 [-1, 128, 28, 28]         147,456
2025-10-27 14:43:05,863 - ImageNet_Training - INFO - |    |    └─BatchNorm2d: 3-36            [-1, 128, 28, 28]         256
2025-10-27 14:43:05,863 - ImageNet_Training - INFO - |    |    └─ReLU: 3-37                   [-1, 128, 28, 28]         --
2025-10-27 14:43:05,863 - ImageNet_Training - INFO - |    |    └─Conv2d: 3-38                 [-1, 512, 28, 28]         65,536
2025-10-27 14:43:05,863 - ImageNet_Training - INFO - |    |    └─BatchNorm2d: 3-39            [-1, 512, 28, 28]         1,024
2025-10-27 14:43:05,863 - ImageNet_Training - INFO - |    |    └─Sequential: 3-40             [-1, 512, 28, 28]         132,096
2025-10-27 14:43:05,863 - ImageNet_Training - INFO - |    |    └─ReLU: 3-41                   [-1, 512, 28, 28]         --
2025-10-27 14:43:05,863 - ImageNet_Training - INFO - |    |    └─Dropout2d: 3-42              [-1, 512, 28, 28]         --
2025-10-27 14:43:05,863 - ImageNet_Training - INFO - |    └─BottleneckBlock: 2-5              [-1, 512, 28, 28]         --
2025-10-27 14:43:05,864 - ImageNet_Training - INFO - |    |    └─Conv2d: 3-43                 [-1, 128, 28, 28]         65,536
2025-10-27 14:43:05,864 - ImageNet_Training - INFO - |    |    └─BatchNorm2d: 3-44            [-1, 128, 28, 28]         256
2025-10-27 14:43:05,864 - ImageNet_Training - INFO - |    |    └─ReLU: 3-45                   [-1, 128, 28, 28]         --
2025-10-27 14:43:05,864 - ImageNet_Training - INFO - |    |    └─Conv2d: 3-46                 [-1, 128, 28, 28]         147,456
2025-10-27 14:43:05,864 - ImageNet_Training - INFO - |    |    └─BatchNorm2d: 3-47            [-1, 128, 28, 28]         256
2025-10-27 14:43:05,864 - ImageNet_Training - INFO - |    |    └─ReLU: 3-48                   [-1, 128, 28, 28]         --
2025-10-27 14:43:05,864 - ImageNet_Training - INFO - |    |    └─Conv2d: 3-49                 [-1, 512, 28, 28]         65,536
2025-10-27 14:43:05,864 - ImageNet_Training - INFO - |    |    └─BatchNorm2d: 3-50            [-1, 512, 28, 28]         1,024
2025-10-27 14:43:05,864 - ImageNet_Training - INFO - |    |    └─ReLU: 3-51                   [-1, 512, 28, 28]         --
2025-10-27 14:43:05,864 - ImageNet_Training - INFO - |    |    └─Dropout2d: 3-52              [-1, 512, 28, 28]         --
2025-10-27 14:43:05,864 - ImageNet_Training - INFO - |    └─BottleneckBlock: 2-6              [-1, 512, 28, 28]         --
2025-10-27 14:43:05,864 - ImageNet_Training - INFO - |    |    └─Conv2d: 3-53                 [-1, 128, 28, 28]         65,536
2025-10-27 14:43:05,864 - ImageNet_Training - INFO - |    |    └─BatchNorm2d: 3-54            [-1, 128, 28, 28]         256
2025-10-27 14:43:05,864 - ImageNet_Training - INFO - |    |    └─ReLU: 3-55                   [-1, 128, 28, 28]         --
2025-10-27 14:43:05,864 - ImageNet_Training - INFO - |    |    └─Conv2d: 3-56                 [-1, 128, 28, 28]         147,456
2025-10-27 14:43:05,864 - ImageNet_Training - INFO - |    |    └─BatchNorm2d: 3-57            [-1, 128, 28, 28]         256
2025-10-27 14:43:05,864 - ImageNet_Training - INFO - |    |    └─ReLU: 3-58                   [-1, 128, 28, 28]         --
2025-10-27 14:43:05,864 - ImageNet_Training - INFO - |    |    └─Conv2d: 3-59                 [-1, 512, 28, 28]         65,536
2025-10-27 14:43:05,864 - ImageNet_Training - INFO - |    |    └─BatchNorm2d: 3-60            [-1, 512, 28, 28]         1,024
2025-10-27 14:43:05,864 - ImageNet_Training - INFO - |    |    └─ReLU: 3-61                   [-1, 512, 28, 28]         --
2025-10-27 14:43:05,864 - ImageNet_Training - INFO - |    |    └─Dropout2d: 3-62              [-1, 512, 28, 28]         --
2025-10-27 14:43:05,864 - ImageNet_Training - INFO - |    └─BottleneckBlock: 2-7              [-1, 512, 28, 28]         --
2025-10-27 14:43:05,864 - ImageNet_Training - INFO - |    |    └─Conv2d: 3-63                 [-1, 128, 28, 28]         65,536
2025-10-27 14:43:05,864 - ImageNet_Training - INFO - |    |    └─BatchNorm2d: 3-64            [-1, 128, 28, 28]         256
2025-10-27 14:43:05,864 - ImageNet_Training - INFO - |    |    └─ReLU: 3-65                   [-1, 128, 28, 28]         --
2025-10-27 14:43:05,864 - ImageNet_Training - INFO - |    |    └─Conv2d: 3-66                 [-1, 128, 28, 28]         147,456
2025-10-27 14:43:05,864 - ImageNet_Training - INFO - |    |    └─BatchNorm2d: 3-67            [-1, 128, 28, 28]         256
2025-10-27 14:43:05,864 - ImageNet_Training - INFO - |    |    └─ReLU: 3-68                   [-1, 128, 28, 28]         --
2025-10-27 14:43:05,864 - ImageNet_Training - INFO - |    |    └─Conv2d: 3-69                 [-1, 512, 28, 28]         65,536
2025-10-27 14:43:05,864 - ImageNet_Training - INFO - |    |    └─BatchNorm2d: 3-70            [-1, 512, 28, 28]         1,024
2025-10-27 14:43:05,864 - ImageNet_Training - INFO - |    |    └─ReLU: 3-71                   [-1, 512, 28, 28]         --
2025-10-27 14:43:05,865 - ImageNet_Training - INFO - |    |    └─Dropout2d: 3-72              [-1, 512, 28, 28]         --
2025-10-27 14:43:05,865 - ImageNet_Training - INFO - ├─Sequential: 1-7                        [-1, 1024, 14, 14]        --
2025-10-27 14:43:05,865 - ImageNet_Training - INFO - |    └─BottleneckBlock: 2-8              [-1, 1024, 14, 14]        --
2025-10-27 14:43:05,865 - ImageNet_Training - INFO - |    |    └─Conv2d: 3-73                 [-1, 256, 28, 28]         131,072
2025-10-27 14:43:05,865 - ImageNet_Training - INFO - |    |    └─BatchNorm2d: 3-74            [-1, 256, 28, 28]         512
2025-10-27 14:43:05,865 - ImageNet_Training - INFO - |    |    └─ReLU: 3-75                   [-1, 256, 28, 28]         --
2025-10-27 14:43:05,865 - ImageNet_Training - INFO - |    |    └─Conv2d: 3-76                 [-1, 256, 14, 14]         589,824
2025-10-27 14:43:05,865 - ImageNet_Training - INFO - |    |    └─BatchNorm2d: 3-77            [-1, 256, 14, 14]         512
2025-10-27 14:43:05,865 - ImageNet_Training - INFO - |    |    └─ReLU: 3-78                   [-1, 256, 14, 14]         --
2025-10-27 14:43:05,865 - ImageNet_Training - INFO - |    |    └─Conv2d: 3-79                 [-1, 1024, 14, 14]        262,144
2025-10-27 14:43:05,865 - ImageNet_Training - INFO - |    |    └─BatchNorm2d: 3-80            [-1, 1024, 14, 14]        2,048
2025-10-27 14:43:05,865 - ImageNet_Training - INFO - |    |    └─Sequential: 3-81             [-1, 1024, 14, 14]        526,336
2025-10-27 14:43:05,865 - ImageNet_Training - INFO - |    |    └─ReLU: 3-82                   [-1, 1024, 14, 14]        --
2025-10-27 14:43:05,865 - ImageNet_Training - INFO - |    |    └─Dropout2d: 3-83              [-1, 1024, 14, 14]        --
2025-10-27 14:43:05,865 - ImageNet_Training - INFO - |    └─BottleneckBlock: 2-9              [-1, 1024, 14, 14]        --
2025-10-27 14:43:05,865 - ImageNet_Training - INFO - |    |    └─Conv2d: 3-84                 [-1, 256, 14, 14]         262,144
2025-10-27 14:43:05,865 - ImageNet_Training - INFO - |    |    └─BatchNorm2d: 3-85            [-1, 256, 14, 14]         512
2025-10-27 14:43:05,865 - ImageNet_Training - INFO - |    |    └─ReLU: 3-86                   [-1, 256, 14, 14]         --
2025-10-27 14:43:05,865 - ImageNet_Training - INFO - |    |    └─Conv2d: 3-87                 [-1, 256, 14, 14]         589,824
2025-10-27 14:43:05,865 - ImageNet_Training - INFO - |    |    └─BatchNorm2d: 3-88            [-1, 256, 14, 14]         512
2025-10-27 14:43:05,865 - ImageNet_Training - INFO - |    |    └─ReLU: 3-89                   [-1, 256, 14, 14]         --
2025-10-27 14:43:05,865 - ImageNet_Training - INFO - |    |    └─Conv2d: 3-90                 [-1, 1024, 14, 14]        262,144
2025-10-27 14:43:05,865 - ImageNet_Training - INFO - |    |    └─BatchNorm2d: 3-91            [-1, 1024, 14, 14]        2,048
2025-10-27 14:43:05,865 - ImageNet_Training - INFO - |    |    └─ReLU: 3-92                   [-1, 1024, 14, 14]        --
2025-10-27 14:43:05,865 - ImageNet_Training - INFO - |    |    └─Dropout2d: 3-93              [-1, 1024, 14, 14]        --
2025-10-27 14:43:05,865 - ImageNet_Training - INFO - |    └─BottleneckBlock: 2-10             [-1, 1024, 14, 14]        --
2025-10-27 14:43:05,865 - ImageNet_Training - INFO - |    |    └─Conv2d: 3-94                 [-1, 256, 14, 14]         262,144
2025-10-27 14:43:05,865 - ImageNet_Training - INFO - |    |    └─BatchNorm2d: 3-95            [-1, 256, 14, 14]         512
2025-10-27 14:43:05,865 - ImageNet_Training - INFO - |    |    └─ReLU: 3-96                   [-1, 256, 14, 14]         --
2025-10-27 14:43:05,866 - ImageNet_Training - INFO - |    |    └─Conv2d: 3-97                 [-1, 256, 14, 14]         589,824
2025-10-27 14:43:05,866 - ImageNet_Training - INFO - |    |    └─BatchNorm2d: 3-98            [-1, 256, 14, 14]         512
2025-10-27 14:43:05,866 - ImageNet_Training - INFO - |    |    └─ReLU: 3-99                   [-1, 256, 14, 14]         --
2025-10-27 14:43:05,866 - ImageNet_Training - INFO - |    |    └─Conv2d: 3-100                [-1, 1024, 14, 14]        262,144
2025-10-27 14:43:05,866 - ImageNet_Training - INFO - |    |    └─BatchNorm2d: 3-101           [-1, 1024, 14, 14]        2,048
2025-10-27 14:43:05,866 - ImageNet_Training - INFO - |    |    └─ReLU: 3-102                  [-1, 1024, 14, 14]        --
2025-10-27 14:43:05,866 - ImageNet_Training - INFO - |    |    └─Dropout2d: 3-103             [-1, 1024, 14, 14]        --
2025-10-27 14:43:05,866 - ImageNet_Training - INFO - |    └─BottleneckBlock: 2-11             [-1, 1024, 14, 14]        --
2025-10-27 14:43:05,866 - ImageNet_Training - INFO - |    |    └─Conv2d: 3-104                [-1, 256, 14, 14]         262,144
2025-10-27 14:43:05,866 - ImageNet_Training - INFO - |    |    └─BatchNorm2d: 3-105           [-1, 256, 14, 14]         512
2025-10-27 14:43:05,866 - ImageNet_Training - INFO - |    |    └─ReLU: 3-106                  [-1, 256, 14, 14]         --
2025-10-27 14:43:05,866 - ImageNet_Training - INFO - |    |    └─Conv2d: 3-107                [-1, 256, 14, 14]         589,824
2025-10-27 14:43:05,866 - ImageNet_Training - INFO - |    |    └─BatchNorm2d: 3-108           [-1, 256, 14, 14]         512
2025-10-27 14:43:05,866 - ImageNet_Training - INFO - |    |    └─ReLU: 3-109                  [-1, 256, 14, 14]         --
2025-10-27 14:43:05,866 - ImageNet_Training - INFO - |    |    └─Conv2d: 3-110                [-1, 1024, 14, 14]        262,144
2025-10-27 14:43:05,866 - ImageNet_Training - INFO - |    |    └─BatchNorm2d: 3-111           [-1, 1024, 14, 14]        2,048
2025-10-27 14:43:05,866 - ImageNet_Training - INFO - |    |    └─ReLU: 3-112                  [-1, 1024, 14, 14]        --
2025-10-27 14:43:05,866 - ImageNet_Training - INFO - |    |    └─Dropout2d: 3-113             [-1, 1024, 14, 14]        --
2025-10-27 14:43:05,866 - ImageNet_Training - INFO - |    └─BottleneckBlock: 2-12             [-1, 1024, 14, 14]        --
2025-10-27 14:43:05,866 - ImageNet_Training - INFO - |    |    └─Conv2d: 3-114                [-1, 256, 14, 14]         262,144
2025-10-27 14:43:05,866 - ImageNet_Training - INFO - |    |    └─BatchNorm2d: 3-115           [-1, 256, 14, 14]         512
2025-10-27 14:43:05,867 - ImageNet_Training - INFO - |    |    └─ReLU: 3-116                  [-1, 256, 14, 14]         --
2025-10-27 14:43:05,867 - ImageNet_Training - INFO - |    |    └─Conv2d: 3-117                [-1, 256, 14, 14]         589,824
2025-10-27 14:43:05,867 - ImageNet_Training - INFO - |    |    └─BatchNorm2d: 3-118           [-1, 256, 14, 14]         512
2025-10-27 14:43:05,867 - ImageNet_Training - INFO - |    |    └─ReLU: 3-119                  [-1, 256, 14, 14]         --
2025-10-27 14:43:05,867 - ImageNet_Training - INFO - |    |    └─Conv2d: 3-120                [-1, 1024, 14, 14]        262,144
2025-10-27 14:43:05,867 - ImageNet_Training - INFO - |    |    └─BatchNorm2d: 3-121           [-1, 1024, 14, 14]        2,048
2025-10-27 14:43:05,867 - ImageNet_Training - INFO - |    |    └─ReLU: 3-122                  [-1, 1024, 14, 14]        --
2025-10-27 14:43:05,867 - ImageNet_Training - INFO - |    |    └─Dropout2d: 3-123             [-1, 1024, 14, 14]        --
2025-10-27 14:43:05,867 - ImageNet_Training - INFO - |    └─BottleneckBlock: 2-13             [-1, 1024, 14, 14]        --
2025-10-27 14:43:05,867 - ImageNet_Training - INFO - |    |    └─Conv2d: 3-124                [-1, 256, 14, 14]         262,144
2025-10-27 14:43:05,867 - ImageNet_Training - INFO - |    |    └─BatchNorm2d: 3-125           [-1, 256, 14, 14]         512
2025-10-27 14:43:05,867 - ImageNet_Training - INFO - |    |    └─ReLU: 3-126                  [-1, 256, 14, 14]         --
2025-10-27 14:43:05,867 - ImageNet_Training - INFO - |    |    └─Conv2d: 3-127                [-1, 256, 14, 14]         589,824
2025-10-27 14:43:05,867 - ImageNet_Training - INFO - |    |    └─BatchNorm2d: 3-128           [-1, 256, 14, 14]         512
2025-10-27 14:43:05,867 - ImageNet_Training - INFO - |    |    └─ReLU: 3-129                  [-1, 256, 14, 14]         --
2025-10-27 14:43:05,867 - ImageNet_Training - INFO - |    |    └─Conv2d: 3-130                [-1, 1024, 14, 14]        262,144
2025-10-27 14:43:05,867 - ImageNet_Training - INFO - |    |    └─BatchNorm2d: 3-131           [-1, 1024, 14, 14]        2,048
2025-10-27 14:43:05,867 - ImageNet_Training - INFO - |    |    └─ReLU: 3-132                  [-1, 1024, 14, 14]        --
2025-10-27 14:43:05,867 - ImageNet_Training - INFO - |    |    └─Dropout2d: 3-133             [-1, 1024, 14, 14]        --
2025-10-27 14:43:05,868 - ImageNet_Training - INFO - ├─Sequential: 1-8                        [-1, 2048, 7, 7]          --
2025-10-27 14:43:05,868 - ImageNet_Training - INFO - |    └─BottleneckBlock: 2-14             [-1, 2048, 7, 7]          --
2025-10-27 14:43:05,868 - ImageNet_Training - INFO - |    |    └─Conv2d: 3-134                [-1, 512, 14, 14]         524,288
2025-10-27 14:43:05,868 - ImageNet_Training - INFO - |    |    └─BatchNorm2d: 3-135           [-1, 512, 14, 14]         1,024
2025-10-27 14:43:05,868 - ImageNet_Training - INFO - |    |    └─ReLU: 3-136                  [-1, 512, 14, 14]         --
2025-10-27 14:43:05,868 - ImageNet_Training - INFO - |    |    └─Conv2d: 3-137                [-1, 512, 7, 7]           2,359,296
2025-10-27 14:43:05,868 - ImageNet_Training - INFO - |    |    └─BatchNorm2d: 3-138           [-1, 512, 7, 7]           1,024
2025-10-27 14:43:05,868 - ImageNet_Training - INFO - |    |    └─ReLU: 3-139                  [-1, 512, 7, 7]           --
2025-10-27 14:43:05,868 - ImageNet_Training - INFO - |    |    └─Conv2d: 3-140                [-1, 2048, 7, 7]          1,048,576
2025-10-27 14:43:05,868 - ImageNet_Training - INFO - |    |    └─BatchNorm2d: 3-141           [-1, 2048, 7, 7]          4,096
2025-10-27 14:43:05,868 - ImageNet_Training - INFO - |    |    └─Sequential: 3-142            [-1, 2048, 7, 7]          2,101,248
2025-10-27 14:43:05,868 - ImageNet_Training - INFO - |    |    └─ReLU: 3-143                  [-1, 2048, 7, 7]          --
2025-10-27 14:43:05,868 - ImageNet_Training - INFO - |    |    └─Dropout2d: 3-144             [-1, 2048, 7, 7]          --
2025-10-27 14:43:05,868 - ImageNet_Training - INFO - |    └─BottleneckBlock: 2-15             [-1, 2048, 7, 7]          --
2025-10-27 14:43:05,868 - ImageNet_Training - INFO - |    |    └─Conv2d: 3-145                [-1, 512, 7, 7]           1,048,576
2025-10-27 14:43:05,868 - ImageNet_Training - INFO - |    |    └─BatchNorm2d: 3-146           [-1, 512, 7, 7]           1,024
2025-10-27 14:43:05,868 - ImageNet_Training - INFO - |    |    └─ReLU: 3-147                  [-1, 512, 7, 7]           --
2025-10-27 14:43:05,868 - ImageNet_Training - INFO - |    |    └─Conv2d: 3-148                [-1, 512, 7, 7]           2,359,296
2025-10-27 14:43:05,868 - ImageNet_Training - INFO - |    |    └─BatchNorm2d: 3-149           [-1, 512, 7, 7]           1,024
2025-10-27 14:43:05,869 - ImageNet_Training - INFO - |    |    └─ReLU: 3-150                  [-1, 512, 7, 7]           --
2025-10-27 14:43:05,869 - ImageNet_Training - INFO - |    |    └─Conv2d: 3-151                [-1, 2048, 7, 7]          1,048,576
2025-10-27 14:43:05,869 - ImageNet_Training - INFO - |    |    └─BatchNorm2d: 3-152           [-1, 2048, 7, 7]          4,096
2025-10-27 14:43:05,869 - ImageNet_Training - INFO - |    |    └─ReLU: 3-153                  [-1, 2048, 7, 7]          --
2025-10-27 14:43:05,869 - ImageNet_Training - INFO - |    |    └─Dropout2d: 3-154             [-1, 2048, 7, 7]          --
2025-10-27 14:43:05,869 - ImageNet_Training - INFO - |    └─BottleneckBlock: 2-16             [-1, 2048, 7, 7]          --
2025-10-27 14:43:05,869 - ImageNet_Training - INFO - |    |    └─Conv2d: 3-155                [-1, 512, 7, 7]           1,048,576
2025-10-27 14:43:05,869 - ImageNet_Training - INFO - |    |    └─BatchNorm2d: 3-156           [-1, 512, 7, 7]           1,024
2025-10-27 14:43:05,869 - ImageNet_Training - INFO - |    |    └─ReLU: 3-157                  [-1, 512, 7, 7]           --
2025-10-27 14:43:05,869 - ImageNet_Training - INFO - |    |    └─Conv2d: 3-158                [-1, 512, 7, 7]           2,359,296
2025-10-27 14:43:05,869 - ImageNet_Training - INFO - |    |    └─BatchNorm2d: 3-159           [-1, 512, 7, 7]           1,024
2025-10-27 14:43:05,869 - ImageNet_Training - INFO - |    |    └─ReLU: 3-160                  [-1, 512, 7, 7]           --
2025-10-27 14:43:05,869 - ImageNet_Training - INFO - |    |    └─Conv2d: 3-161                [-1, 2048, 7, 7]          1,048,576
2025-10-27 14:43:05,869 - ImageNet_Training - INFO - |    |    └─BatchNorm2d: 3-162           [-1, 2048, 7, 7]          4,096
2025-10-27 14:43:05,869 - ImageNet_Training - INFO - |    |    └─ReLU: 3-163                  [-1, 2048, 7, 7]          --
2025-10-27 14:43:05,869 - ImageNet_Training - INFO - |    |    └─Dropout2d: 3-164             [-1, 2048, 7, 7]          --
2025-10-27 14:43:05,869 - ImageNet_Training - INFO - ├─AdaptiveAvgPool2d: 1-9                 [-1, 2048, 1, 1]          --
2025-10-27 14:43:05,869 - ImageNet_Training - INFO - ├─Dropout: 1-10                          [-1, 2048]                --
2025-10-27 14:43:05,869 - ImageNet_Training - INFO - ├─Linear: 1-11                           [-1, 1000]                2,049,000
2025-10-27 14:43:05,870 - ImageNet_Training - INFO - ==========================================================================================
2025-10-27 14:43:05,870 - ImageNet_Training - INFO - Total params: 25,557,032
2025-10-27 14:43:05,870 - ImageNet_Training - INFO - Trainable params: 25,557,032
2025-10-27 14:43:05,870 - ImageNet_Training - INFO - Non-trainable params: 0
2025-10-27 14:43:05,870 - ImageNet_Training - INFO - Total mult-adds (G): 4.14
2025-10-27 14:43:05,870 - ImageNet_Training - INFO - ==========================================================================================
2025-10-27 14:43:05,870 - ImageNet_Training - INFO - Input size (MB): 0.57
2025-10-27 14:43:05,870 - ImageNet_Training - INFO - Forward/backward pass size (MB): 169.59
2025-10-27 14:43:05,870 - ImageNet_Training - INFO - Params size (MB): 97.49
2025-10-27 14:43:05,870 - ImageNet_Training - INFO - Estimated Total Size (MB): 267.66
2025-10-27 14:43:05,870 - ImageNet_Training - INFO - ==========================================================================================
2025-10-27 14:43:05,870 - ImageNet_Training - INFO - ======================================================================
2025-10-27 14:43:05,870 - ImageNet_Training - INFO - Initializing trainer...
2025-10-27 14:43:05,875 - ImageNet_Training - INFO - Using device: cuda
2025-10-27 14:43:05,876 - ImageNet_Training - INFO - Loss function: CrossEntropyLoss
2025-10-27 14:43:05,876 - ImageNet_Training - INFO - Mixed Precision (AMP): True
2025-10-27 14:43:05,876 - ImageNet_Training - INFO - Gradient Accumulation Steps: 8
2025-10-27 14:43:05,876 - ImageNet_Training - INFO - Starting training...
2025-10-27 14:43:05,876 - ImageNet_Training - INFO - Initializing training...
2025-10-27 14:43:05,877 - ImageNet_Training - INFO - Starting Epoch 1/100
2025-10-27 17:46:53,291 - ImageNet_Training - INFO - Epoch   1: Train Loss: 6.1865, Train Top-1: 3.05%, Train Top-5: 9.53% | Test Loss: 5.4901, Test Top-1: 10.02%, Test Top-5: 26.67% | LR: 0.025617 | Gap: -6.98% | GPU: 2086MB
2025-10-27 17:46:54,232 - ImageNet_Training - INFO - Saved BEST MODEL: /home/ubuntu/repos/Learnings/MNIST_Model/Reference/ImageNet_ResNet50/experiments/final/models/best_checkpoint_epoch001.pt
2025-10-27 17:46:54,233 - ImageNet_Training - INFO - Starting Epoch 2/100
2025-10-27 20:54:50,553 - ImageNet_Training - INFO - Epoch   2: Train Loss: 5.1235, Train Top-1: 12.75%, Train Top-5: 30.12% | Test Loss: 4.2758, Test Top-1: 23.79%, Test Top-5: 48.89% | LR: 0.027459 | Gap: -11.04% | GPU: 2086MB
2025-10-27 20:54:51,503 - ImageNet_Training - INFO - Saved BEST MODEL: /home/ubuntu/repos/Learnings/MNIST_Model/Reference/ImageNet_ResNet50/experiments/final/models/best_checkpoint_epoch002.pt
2025-10-27 20:54:51,503 - ImageNet_Training - INFO - Starting Epoch 3/100
2025-10-28 00:02:48,705 - ImageNet_Training - INFO - Epoch   3: Train Loss: 4.5935, Train Top-1: 20.62%, Train Top-5: 42.56% | Test Loss: 3.8864, Test Top-1: 30.92%, Test Top-5: 57.71% | LR: 0.030508 | Gap: -10.29% | GPU: 2086MB
2025-10-28 00:02:49,697 - ImageNet_Training - INFO - Saved BEST MODEL: /home/ubuntu/repos/Learnings/MNIST_Model/Reference/ImageNet_ResNet50/experiments/final/models/best_checkpoint_epoch003.pt
2025-10-28 00:02:49,698 - ImageNet_Training - INFO - Starting Epoch 4/100
2025-10-28 03:10:38,276 - ImageNet_Training - INFO - Epoch   4: Train Loss: 4.3374, Train Top-1: 24.95%, Train Top-5: 48.45% | Test Loss: 3.6784, Test Top-1: 35.26%, Test Top-5: 62.63% | LR: 0.034730 | Gap: -10.31% | GPU: 2086MB
2025-10-28 03:10:39,217 - ImageNet_Training - INFO - Saved BEST MODEL: /home/ubuntu/repos/Learnings/MNIST_Model/Reference/ImageNet_ResNet50/experiments/final/models/best_checkpoint_epoch004.pt
2025-10-28 03:10:39,218 - ImageNet_Training - INFO - Starting Epoch 5/100
2025-10-28 06:18:21,061 - ImageNet_Training - INFO - Epoch   5: Train Loss: 4.2223, Train Top-1: 27.07%, Train Top-5: 51.01% | Test Loss: 3.5753, Test Top-1: 36.92%, Test Top-5: 64.79% | LR: 0.040078 | Gap: -9.85% | GPU: 2086MB
2025-10-28 06:18:21,999 - ImageNet_Training - INFO - Saved BEST MODEL: /home/ubuntu/repos/Learnings/MNIST_Model/Reference/ImageNet_ResNet50/experiments/final/models/best_checkpoint_epoch005.pt
2025-10-28 06:18:23,922 - ImageNet_Training - INFO - Saved Checkpoint (Epoch 5): /home/ubuntu/repos/Learnings/MNIST_Model/Reference/ImageNet_ResNet50/experiments/final/models/checkpoint_epoch005.pt
2025-10-28 06:18:23,922 - ImageNet_Training - INFO - Starting Epoch 6/100
2025-10-28 09:26:03,960 - ImageNet_Training - INFO - Epoch   6: Train Loss: 4.1617, Train Top-1: 28.12%, Train Top-5: 52.33% | Test Loss: 3.5174, Test Top-1: 38.04%, Test Top-5: 66.06% | LR: 0.046494 | Gap: -9.92% | GPU: 2086MB
2025-10-28 09:26:04,900 - ImageNet_Training - INFO - Saved BEST MODEL: /home/ubuntu/repos/Learnings/MNIST_Model/Reference/ImageNet_ResNet50/experiments/final/models/best_checkpoint_epoch006.pt
2025-10-28 09:26:04,900 - ImageNet_Training - INFO - Starting Epoch 7/100
2025-10-28 12:33:41,414 - ImageNet_Training - INFO - Epoch   7: Train Loss: 4.1254, Train Top-1: 28.75%, Train Top-5: 53.11% | Test Loss: 3.5156, Test Top-1: 38.26%, Test Top-5: 66.16% | LR: 0.053908 | Gap: -9.51% | GPU: 2086MB
2025-10-28 12:33:42,321 - ImageNet_Training - INFO - Saved BEST MODEL: /home/ubuntu/repos/Learnings/MNIST_Model/Reference/ImageNet_ResNet50/experiments/final/models/best_checkpoint_epoch007.pt
2025-10-28 12:33:42,322 - ImageNet_Training - INFO - Starting Epoch 8/100
2025-10-28 15:41:17,823 - ImageNet_Training - INFO - Epoch   8: Train Loss: 4.1035, Train Top-1: 29.11%, Train Top-5: 53.52% | Test Loss: 3.4597, Test Top-1: 39.37%, Test Top-5: 67.54% | LR: 0.062237 | Gap: -10.26% | GPU: 2086MB
2025-10-28 15:41:18,723 - ImageNet_Training - INFO - Saved BEST MODEL: /home/ubuntu/repos/Learnings/MNIST_Model/Reference/ImageNet_ResNet50/experiments/final/models/best_checkpoint_epoch008.pt
2025-10-28 15:41:18,724 - ImageNet_Training - INFO - Starting Epoch 9/100
2025-10-28 18:48:51,849 - ImageNet_Training - INFO - Epoch   9: Train Loss: 4.0937, Train Top-1: 29.26%, Train Top-5: 53.74% | Test Loss: 3.4768, Test Top-1: 39.32%, Test Top-5: 67.24% | LR: 0.071392 | Gap: -10.05% | GPU: 2086MB
2025-10-28 18:48:51,850 - ImageNet_Training - INFO - Starting Epoch 10/100
2025-10-28 21:56:24,395 - ImageNet_Training - INFO - Epoch  10: Train Loss: 4.0953, Train Top-1: 29.22%, Train Top-5: 53.69% | Test Loss: 3.4798, Test Top-1: 39.23%, Test Top-5: 67.20% | LR: 0.081271 | Gap: -10.01% | GPU: 2086MB
2025-10-28 21:56:25,311 - ImageNet_Training - INFO - Saved Checkpoint (Epoch 10): /home/ubuntu/repos/Learnings/MNIST_Model/Reference/ImageNet_ResNet50/experiments/final/models/checkpoint_epoch010.pt
2025-10-28 21:56:25,311 - ImageNet_Training - INFO - Starting Epoch 11/100
2025-10-29 01:03:56,042 - ImageNet_Training - INFO - Epoch  11: Train Loss: 4.1002, Train Top-1: 29.17%, Train Top-5: 53.56% | Test Loss: 3.5106, Test Top-1: 38.25%, Test Top-5: 66.41% | LR: 0.091767 | Gap: -9.08% | GPU: 2086MB
2025-10-29 01:03:56,043 - ImageNet_Training - INFO - Starting Epoch 12/100
2025-10-29 04:11:24,869 - ImageNet_Training - INFO - Epoch  12: Train Loss: 4.1077, Train Top-1: 28.93%, Train Top-5: 53.38% | Test Loss: 3.5017, Test Top-1: 38.55%, Test Top-5: 66.66% | LR: 0.102763 | Gap: -9.63% | GPU: 2086MB
2025-10-29 04:11:24,870 - ImageNet_Training - INFO - Starting Epoch 13/100
2025-10-29 07:18:54,596 - ImageNet_Training - INFO - Epoch  13: Train Loss: 4.1155, Train Top-1: 28.79%, Train Top-5: 53.19% | Test Loss: 3.5790, Test Top-1: 37.21%, Test Top-5: 65.17% | LR: 0.114141 | Gap: -8.42% | GPU: 2086MB
2025-10-29 07:18:54,597 - ImageNet_Training - INFO - Starting Epoch 14/100
2025-10-29 10:26:24,455 - ImageNet_Training - INFO - Epoch  14: Train Loss: 4.1242, Train Top-1: 28.63%, Train Top-5: 53.00% | Test Loss: 3.5476, Test Top-1: 37.68%, Test Top-5: 65.80% | LR: 0.125774 | Gap: -9.05% | GPU: 2086MB
2025-10-29 10:26:24,456 - ImageNet_Training - INFO - Starting Epoch 15/100
