2025-10-30 14:16:43,164 - ImageNet_Training - INFO - Logger initialized. Log file: /home/ubuntu/repos/Learnings/MNIST_Model/Reference/ImageNet_ResNet50/experiments/final/logs/20251030_141643_imagenet_training.log
2025-10-30 14:16:43,164 - ImageNet_Training - INFO - Configuration Summary:
2025-10-30 14:16:43,164 - ImageNet_Training - INFO -   Dataset: ImageNet-1k
2025-10-30 14:16:43,165 - ImageNet_Training - INFO -   Model: resnet50
2025-10-30 14:16:43,165 - ImageNet_Training - INFO -   Input Size: 224x224
2025-10-30 14:16:43,165 - ImageNet_Training - INFO -   Num Classes: 1000
2025-10-30 14:16:43,165 - ImageNet_Training - INFO -   Batch Size: 32
2025-10-30 14:16:43,165 - ImageNet_Training - INFO -   Gradient Accumulation: 8
2025-10-30 14:16:43,165 - ImageNet_Training - INFO -   Effective Batch Size: 256
2025-10-30 14:16:43,165 - ImageNet_Training - INFO -   Num Workers: 8
2025-10-30 14:16:43,165 - ImageNet_Training - INFO -   Using Subset: 100.0% (stratified)
2025-10-30 14:16:43,165 - ImageNet_Training - INFO -   Epochs: 100
2025-10-30 14:16:43,165 - ImageNet_Training - INFO -   Learning Rate: 0.15
2025-10-30 14:16:43,165 - ImageNet_Training - INFO -   Optimizer: SGD
2025-10-30 14:16:43,165 - ImageNet_Training - INFO -   Scheduler: ReduceLROnPlateau
2025-10-30 14:16:43,165 - ImageNet_Training - INFO -   Weight Decay: 0.0002
2025-10-30 14:16:43,165 - ImageNet_Training - INFO -   Mixed Precision: True
2025-10-30 14:16:43,165 - ImageNet_Training - INFO -   Gradient Clipping: 1.0
2025-10-30 14:16:43,165 - ImageNet_Training - INFO -   Label Smoothing: 0.1
2025-10-30 14:16:43,166 - ImageNet_Training - INFO -   Dropout Rate: 0.01
2025-10-30 14:16:43,166 - ImageNet_Training - INFO -   Use Pretrained: False
2025-10-30 14:16:43,166 - ImageNet_Training - INFO - ======================================================================
2025-10-30 14:16:43,288 - ImageNet_Training - INFO - Using device: cuda
2025-10-30 14:16:43,312 - ImageNet_Training - INFO - GPU: Tesla T4
2025-10-30 14:16:43,313 - ImageNet_Training - INFO - GPU Memory: 14.6 GB
2025-10-30 14:16:43,313 - ImageNet_Training - INFO - Setting up data...
2025-10-30 14:16:43,313 - ImageNet_Training - INFO - Loading ImageNet dataset...
2025-10-30 14:16:43,313 - ImageNet_Training - INFO - Train directory: /home/ubuntu/data/imagenet/train
2025-10-30 14:16:43,313 - ImageNet_Training - INFO - Val directory: /home/ubuntu/data/imagenet/val
2025-10-30 14:16:43,314 - ImageNet_Training - INFO - RandAugment enabled: N=5, M=8
2025-10-30 14:16:46,009 - ImageNet_Training - INFO - Creating stratified 100.0% subset...
2025-10-30 14:16:46,058 - ImageNet_Training - INFO - Subset created: 1281167 / 1281167 samples
2025-10-30 14:16:46,058 - ImageNet_Training - INFO - Validation samples: 50000
2025-10-30 14:16:46,058 - ImageNet_Training - INFO - ImageNet data loaders created successfully!
2025-10-30 14:16:46,059 - ImageNet_Training - INFO -   Train batches: 40037
2025-10-30 14:16:46,059 - ImageNet_Training - INFO -   Val batches: 1563
2025-10-30 14:16:46,059 - ImageNet_Training - INFO - Computing dataset statistics...
2025-10-30 14:16:46,059 - ImageNet_Training - INFO - Dataset Statistics:
2025-10-30 14:16:46,059 - ImageNet_Training - INFO -   Train samples: 1,281,167
2025-10-30 14:16:46,059 - ImageNet_Training - INFO -   Val samples: 50,000
2025-10-30 14:16:46,059 - ImageNet_Training - INFO -   Num classes: 1000
2025-10-30 14:16:46,059 - ImageNet_Training - INFO -   Batch size: 32
2025-10-30 14:16:46,059 - ImageNet_Training - INFO -   Input size: 224x224
2025-10-30 14:16:46,059 - ImageNet_Training - INFO -   Subset: 100.0% stratified
2025-10-30 14:16:46,059 - ImageNet_Training - INFO - Verifying stratified subset distribution...
2025-10-30 14:16:46,134 - ImageNet_Training - INFO - Subset contains 1000 classes
2025-10-30 14:16:46,134 - ImageNet_Training - INFO - Samples per class - Min: 732, Max: 1300, Mean: 1281.2, Std: 70.2
2025-10-30 14:16:46,134 - ImageNet_Training - INFO - Building ResNet-50 model...
2025-10-30 14:16:46,673 - ImageNet_Training - INFO - Generating RESNET50 summary...
2025-10-30 14:16:46,919 - ImageNet_Training - INFO - RESNET50 Architecture Summary:
2025-10-30 14:16:46,920 - ImageNet_Training - INFO -   Total Parameters: 25,557,032
2025-10-30 14:16:46,920 - ImageNet_Training - INFO -   Trainable Parameters: 25,557,032
2025-10-30 14:16:46,920 - ImageNet_Training - INFO -   Model Size: 97.49 MB
2025-10-30 14:16:46,920 - ImageNet_Training - INFO -   Batch Normalization: Yes
2025-10-30 14:16:46,920 - ImageNet_Training - INFO -   Dropout: Yes
2025-10-30 14:16:46,920 - ImageNet_Training - INFO -   FC Layers: Yes
2025-10-30 14:16:46,920 - ImageNet_Training - INFO -   Global Pooling: Yes
2025-10-30 14:16:46,920 - ImageNet_Training - INFO - ======================================================================
2025-10-30 14:16:46,920 - ImageNet_Training - INFO - DETAILED MODEL ARCHITECTURE
2025-10-30 14:16:46,920 - ImageNet_Training - INFO - ======================================================================
2025-10-30 14:16:46,920 - ImageNet_Training - INFO - ==========================================================================================
2025-10-30 14:16:46,920 - ImageNet_Training - INFO - Layer (type:depth-idx)                   Output Shape              Param #
2025-10-30 14:16:46,920 - ImageNet_Training - INFO - ==========================================================================================
2025-10-30 14:16:46,920 - ImageNet_Training - INFO - ├─Conv2d: 1-1                            [-1, 64, 112, 112]        9,408
2025-10-30 14:16:46,920 - ImageNet_Training - INFO - ├─BatchNorm2d: 1-2                       [-1, 64, 112, 112]        128
2025-10-30 14:16:46,920 - ImageNet_Training - INFO - ├─ReLU: 1-3                              [-1, 64, 112, 112]        --
2025-10-30 14:16:46,920 - ImageNet_Training - INFO - ├─MaxPool2d: 1-4                         [-1, 64, 56, 56]          --
2025-10-30 14:16:46,920 - ImageNet_Training - INFO - ├─Sequential: 1-5                        [-1, 256, 56, 56]         --
2025-10-30 14:16:46,920 - ImageNet_Training - INFO - |    └─BottleneckBlock: 2-1              [-1, 256, 56, 56]         --
2025-10-30 14:16:46,920 - ImageNet_Training - INFO - |    |    └─Conv2d: 3-1                  [-1, 64, 56, 56]          4,096
2025-10-30 14:16:46,920 - ImageNet_Training - INFO - |    |    └─BatchNorm2d: 3-2             [-1, 64, 56, 56]          128
2025-10-30 14:16:46,920 - ImageNet_Training - INFO - |    |    └─ReLU: 3-3                    [-1, 64, 56, 56]          --
2025-10-30 14:16:46,920 - ImageNet_Training - INFO - |    |    └─Conv2d: 3-4                  [-1, 64, 56, 56]          36,864
2025-10-30 14:16:46,920 - ImageNet_Training - INFO - |    |    └─BatchNorm2d: 3-5             [-1, 64, 56, 56]          128
2025-10-30 14:16:46,921 - ImageNet_Training - INFO - |    |    └─ReLU: 3-6                    [-1, 64, 56, 56]          --
2025-10-30 14:16:46,921 - ImageNet_Training - INFO - |    |    └─Conv2d: 3-7                  [-1, 256, 56, 56]         16,384
2025-10-30 14:16:46,921 - ImageNet_Training - INFO - |    |    └─BatchNorm2d: 3-8             [-1, 256, 56, 56]         512
2025-10-30 14:16:46,921 - ImageNet_Training - INFO - |    |    └─Sequential: 3-9              [-1, 256, 56, 56]         16,896
2025-10-30 14:16:46,921 - ImageNet_Training - INFO - |    |    └─ReLU: 3-10                   [-1, 256, 56, 56]         --
2025-10-30 14:16:46,921 - ImageNet_Training - INFO - |    |    └─Dropout2d: 3-11              [-1, 256, 56, 56]         --
2025-10-30 14:16:46,921 - ImageNet_Training - INFO - |    └─BottleneckBlock: 2-2              [-1, 256, 56, 56]         --
2025-10-30 14:16:46,921 - ImageNet_Training - INFO - |    |    └─Conv2d: 3-12                 [-1, 64, 56, 56]          16,384
2025-10-30 14:16:46,921 - ImageNet_Training - INFO - |    |    └─BatchNorm2d: 3-13            [-1, 64, 56, 56]          128
2025-10-30 14:16:46,921 - ImageNet_Training - INFO - |    |    └─ReLU: 3-14                   [-1, 64, 56, 56]          --
2025-10-30 14:16:46,921 - ImageNet_Training - INFO - |    |    └─Conv2d: 3-15                 [-1, 64, 56, 56]          36,864
2025-10-30 14:16:46,921 - ImageNet_Training - INFO - |    |    └─BatchNorm2d: 3-16            [-1, 64, 56, 56]          128
2025-10-30 14:16:46,921 - ImageNet_Training - INFO - |    |    └─ReLU: 3-17                   [-1, 64, 56, 56]          --
2025-10-30 14:16:46,921 - ImageNet_Training - INFO - |    |    └─Conv2d: 3-18                 [-1, 256, 56, 56]         16,384
2025-10-30 14:16:46,921 - ImageNet_Training - INFO - |    |    └─BatchNorm2d: 3-19            [-1, 256, 56, 56]         512
2025-10-30 14:16:46,921 - ImageNet_Training - INFO - |    |    └─ReLU: 3-20                   [-1, 256, 56, 56]         --
2025-10-30 14:16:46,921 - ImageNet_Training - INFO - |    |    └─Dropout2d: 3-21              [-1, 256, 56, 56]         --
2025-10-30 14:16:46,921 - ImageNet_Training - INFO - |    └─BottleneckBlock: 2-3              [-1, 256, 56, 56]         --
2025-10-30 14:16:46,921 - ImageNet_Training - INFO - |    |    └─Conv2d: 3-22                 [-1, 64, 56, 56]          16,384
2025-10-30 14:16:46,921 - ImageNet_Training - INFO - |    |    └─BatchNorm2d: 3-23            [-1, 64, 56, 56]          128
2025-10-30 14:16:46,921 - ImageNet_Training - INFO - |    |    └─ReLU: 3-24                   [-1, 64, 56, 56]          --
2025-10-30 14:16:46,921 - ImageNet_Training - INFO - |    |    └─Conv2d: 3-25                 [-1, 64, 56, 56]          36,864
2025-10-30 14:16:46,921 - ImageNet_Training - INFO - |    |    └─BatchNorm2d: 3-26            [-1, 64, 56, 56]          128
2025-10-30 14:16:46,921 - ImageNet_Training - INFO - |    |    └─ReLU: 3-27                   [-1, 64, 56, 56]          --
2025-10-30 14:16:46,921 - ImageNet_Training - INFO - |    |    └─Conv2d: 3-28                 [-1, 256, 56, 56]         16,384
2025-10-30 14:16:46,921 - ImageNet_Training - INFO - |    |    └─BatchNorm2d: 3-29            [-1, 256, 56, 56]         512
2025-10-30 14:16:46,921 - ImageNet_Training - INFO - |    |    └─ReLU: 3-30                   [-1, 256, 56, 56]         --
2025-10-30 14:16:46,921 - ImageNet_Training - INFO - |    |    └─Dropout2d: 3-31              [-1, 256, 56, 56]         --
2025-10-30 14:16:46,921 - ImageNet_Training - INFO - ├─Sequential: 1-6                        [-1, 512, 28, 28]         --
2025-10-30 14:16:46,921 - ImageNet_Training - INFO - |    └─BottleneckBlock: 2-4              [-1, 512, 28, 28]         --
2025-10-30 14:16:46,921 - ImageNet_Training - INFO - |    |    └─Conv2d: 3-32                 [-1, 128, 56, 56]         32,768
2025-10-30 14:16:46,921 - ImageNet_Training - INFO - |    |    └─BatchNorm2d: 3-33            [-1, 128, 56, 56]         256
2025-10-30 14:16:46,922 - ImageNet_Training - INFO - |    |    └─ReLU: 3-34                   [-1, 128, 56, 56]         --
2025-10-30 14:16:46,922 - ImageNet_Training - INFO - |    |    └─Conv2d: 3-35                 [-1, 128, 28, 28]         147,456
2025-10-30 14:16:46,922 - ImageNet_Training - INFO - |    |    └─BatchNorm2d: 3-36            [-1, 128, 28, 28]         256
2025-10-30 14:16:46,922 - ImageNet_Training - INFO - |    |    └─ReLU: 3-37                   [-1, 128, 28, 28]         --
2025-10-30 14:16:46,922 - ImageNet_Training - INFO - |    |    └─Conv2d: 3-38                 [-1, 512, 28, 28]         65,536
2025-10-30 14:16:46,922 - ImageNet_Training - INFO - |    |    └─BatchNorm2d: 3-39            [-1, 512, 28, 28]         1,024
2025-10-30 14:16:46,922 - ImageNet_Training - INFO - |    |    └─Sequential: 3-40             [-1, 512, 28, 28]         132,096
2025-10-30 14:16:46,922 - ImageNet_Training - INFO - |    |    └─ReLU: 3-41                   [-1, 512, 28, 28]         --
2025-10-30 14:16:46,922 - ImageNet_Training - INFO - |    |    └─Dropout2d: 3-42              [-1, 512, 28, 28]         --
2025-10-30 14:16:46,922 - ImageNet_Training - INFO - |    └─BottleneckBlock: 2-5              [-1, 512, 28, 28]         --
2025-10-30 14:16:46,922 - ImageNet_Training - INFO - |    |    └─Conv2d: 3-43                 [-1, 128, 28, 28]         65,536
2025-10-30 14:16:46,922 - ImageNet_Training - INFO - |    |    └─BatchNorm2d: 3-44            [-1, 128, 28, 28]         256
2025-10-30 14:16:46,922 - ImageNet_Training - INFO - |    |    └─ReLU: 3-45                   [-1, 128, 28, 28]         --
2025-10-30 14:16:46,922 - ImageNet_Training - INFO - |    |    └─Conv2d: 3-46                 [-1, 128, 28, 28]         147,456
2025-10-30 14:16:46,922 - ImageNet_Training - INFO - |    |    └─BatchNorm2d: 3-47            [-1, 128, 28, 28]         256
2025-10-30 14:16:46,922 - ImageNet_Training - INFO - |    |    └─ReLU: 3-48                   [-1, 128, 28, 28]         --
2025-10-30 14:16:46,922 - ImageNet_Training - INFO - |    |    └─Conv2d: 3-49                 [-1, 512, 28, 28]         65,536
2025-10-30 14:16:46,922 - ImageNet_Training - INFO - |    |    └─BatchNorm2d: 3-50            [-1, 512, 28, 28]         1,024
2025-10-30 14:16:46,922 - ImageNet_Training - INFO - |    |    └─ReLU: 3-51                   [-1, 512, 28, 28]         --
2025-10-30 14:16:46,922 - ImageNet_Training - INFO - |    |    └─Dropout2d: 3-52              [-1, 512, 28, 28]         --
2025-10-30 14:16:46,922 - ImageNet_Training - INFO - |    └─BottleneckBlock: 2-6              [-1, 512, 28, 28]         --
2025-10-30 14:16:46,922 - ImageNet_Training - INFO - |    |    └─Conv2d: 3-53                 [-1, 128, 28, 28]         65,536
2025-10-30 14:16:46,922 - ImageNet_Training - INFO - |    |    └─BatchNorm2d: 3-54            [-1, 128, 28, 28]         256
2025-10-30 14:16:46,922 - ImageNet_Training - INFO - |    |    └─ReLU: 3-55                   [-1, 128, 28, 28]         --
2025-10-30 14:16:46,922 - ImageNet_Training - INFO - |    |    └─Conv2d: 3-56                 [-1, 128, 28, 28]         147,456
2025-10-30 14:16:46,922 - ImageNet_Training - INFO - |    |    └─BatchNorm2d: 3-57            [-1, 128, 28, 28]         256
2025-10-30 14:16:46,922 - ImageNet_Training - INFO - |    |    └─ReLU: 3-58                   [-1, 128, 28, 28]         --
2025-10-30 14:16:46,922 - ImageNet_Training - INFO - |    |    └─Conv2d: 3-59                 [-1, 512, 28, 28]         65,536
2025-10-30 14:16:46,922 - ImageNet_Training - INFO - |    |    └─BatchNorm2d: 3-60            [-1, 512, 28, 28]         1,024
2025-10-30 14:16:46,922 - ImageNet_Training - INFO - |    |    └─ReLU: 3-61                   [-1, 512, 28, 28]         --
2025-10-30 14:16:46,923 - ImageNet_Training - INFO - |    |    └─Dropout2d: 3-62              [-1, 512, 28, 28]         --
2025-10-30 14:16:46,923 - ImageNet_Training - INFO - |    └─BottleneckBlock: 2-7              [-1, 512, 28, 28]         --
2025-10-30 14:16:46,923 - ImageNet_Training - INFO - |    |    └─Conv2d: 3-63                 [-1, 128, 28, 28]         65,536
2025-10-30 14:16:46,923 - ImageNet_Training - INFO - |    |    └─BatchNorm2d: 3-64            [-1, 128, 28, 28]         256
2025-10-30 14:16:46,923 - ImageNet_Training - INFO - |    |    └─ReLU: 3-65                   [-1, 128, 28, 28]         --
2025-10-30 14:16:46,923 - ImageNet_Training - INFO - |    |    └─Conv2d: 3-66                 [-1, 128, 28, 28]         147,456
2025-10-30 14:16:46,923 - ImageNet_Training - INFO - |    |    └─BatchNorm2d: 3-67            [-1, 128, 28, 28]         256
2025-10-30 14:16:46,923 - ImageNet_Training - INFO - |    |    └─ReLU: 3-68                   [-1, 128, 28, 28]         --
2025-10-30 14:16:46,923 - ImageNet_Training - INFO - |    |    └─Conv2d: 3-69                 [-1, 512, 28, 28]         65,536
2025-10-30 14:16:46,923 - ImageNet_Training - INFO - |    |    └─BatchNorm2d: 3-70            [-1, 512, 28, 28]         1,024
2025-10-30 14:16:46,923 - ImageNet_Training - INFO - |    |    └─ReLU: 3-71                   [-1, 512, 28, 28]         --
2025-10-30 14:16:46,923 - ImageNet_Training - INFO - |    |    └─Dropout2d: 3-72              [-1, 512, 28, 28]         --
2025-10-30 14:16:46,923 - ImageNet_Training - INFO - ├─Sequential: 1-7                        [-1, 1024, 14, 14]        --
2025-10-30 14:16:46,923 - ImageNet_Training - INFO - |    └─BottleneckBlock: 2-8              [-1, 1024, 14, 14]        --
2025-10-30 14:16:46,923 - ImageNet_Training - INFO - |    |    └─Conv2d: 3-73                 [-1, 256, 28, 28]         131,072
2025-10-30 14:16:46,923 - ImageNet_Training - INFO - |    |    └─BatchNorm2d: 3-74            [-1, 256, 28, 28]         512
2025-10-30 14:16:46,923 - ImageNet_Training - INFO - |    |    └─ReLU: 3-75                   [-1, 256, 28, 28]         --
2025-10-30 14:16:46,923 - ImageNet_Training - INFO - |    |    └─Conv2d: 3-76                 [-1, 256, 14, 14]         589,824
2025-10-30 14:16:46,923 - ImageNet_Training - INFO - |    |    └─BatchNorm2d: 3-77            [-1, 256, 14, 14]         512
2025-10-30 14:16:46,923 - ImageNet_Training - INFO - |    |    └─ReLU: 3-78                   [-1, 256, 14, 14]         --
2025-10-30 14:16:46,923 - ImageNet_Training - INFO - |    |    └─Conv2d: 3-79                 [-1, 1024, 14, 14]        262,144
2025-10-30 14:16:46,923 - ImageNet_Training - INFO - |    |    └─BatchNorm2d: 3-80            [-1, 1024, 14, 14]        2,048
2025-10-30 14:16:46,923 - ImageNet_Training - INFO - |    |    └─Sequential: 3-81             [-1, 1024, 14, 14]        526,336
2025-10-30 14:16:46,923 - ImageNet_Training - INFO - |    |    └─ReLU: 3-82                   [-1, 1024, 14, 14]        --
2025-10-30 14:16:46,923 - ImageNet_Training - INFO - |    |    └─Dropout2d: 3-83              [-1, 1024, 14, 14]        --
2025-10-30 14:16:46,923 - ImageNet_Training - INFO - |    └─BottleneckBlock: 2-9              [-1, 1024, 14, 14]        --
2025-10-30 14:16:46,923 - ImageNet_Training - INFO - |    |    └─Conv2d: 3-84                 [-1, 256, 14, 14]         262,144
2025-10-30 14:16:46,923 - ImageNet_Training - INFO - |    |    └─BatchNorm2d: 3-85            [-1, 256, 14, 14]         512
2025-10-30 14:16:46,923 - ImageNet_Training - INFO - |    |    └─ReLU: 3-86                   [-1, 256, 14, 14]         --
2025-10-30 14:16:46,923 - ImageNet_Training - INFO - |    |    └─Conv2d: 3-87                 [-1, 256, 14, 14]         589,824
2025-10-30 14:16:46,923 - ImageNet_Training - INFO - |    |    └─BatchNorm2d: 3-88            [-1, 256, 14, 14]         512
2025-10-30 14:16:46,923 - ImageNet_Training - INFO - |    |    └─ReLU: 3-89                   [-1, 256, 14, 14]         --
2025-10-30 14:16:46,923 - ImageNet_Training - INFO - |    |    └─Conv2d: 3-90                 [-1, 1024, 14, 14]        262,144
2025-10-30 14:16:46,924 - ImageNet_Training - INFO - |    |    └─BatchNorm2d: 3-91            [-1, 1024, 14, 14]        2,048
2025-10-30 14:16:46,924 - ImageNet_Training - INFO - |    |    └─ReLU: 3-92                   [-1, 1024, 14, 14]        --
2025-10-30 14:16:46,924 - ImageNet_Training - INFO - |    |    └─Dropout2d: 3-93              [-1, 1024, 14, 14]        --
2025-10-30 14:16:46,924 - ImageNet_Training - INFO - |    └─BottleneckBlock: 2-10             [-1, 1024, 14, 14]        --
2025-10-30 14:16:46,924 - ImageNet_Training - INFO - |    |    └─Conv2d: 3-94                 [-1, 256, 14, 14]         262,144
2025-10-30 14:16:46,924 - ImageNet_Training - INFO - |    |    └─BatchNorm2d: 3-95            [-1, 256, 14, 14]         512
2025-10-30 14:16:46,924 - ImageNet_Training - INFO - |    |    └─ReLU: 3-96                   [-1, 256, 14, 14]         --
2025-10-30 14:16:46,924 - ImageNet_Training - INFO - |    |    └─Conv2d: 3-97                 [-1, 256, 14, 14]         589,824
2025-10-30 14:16:46,924 - ImageNet_Training - INFO - |    |    └─BatchNorm2d: 3-98            [-1, 256, 14, 14]         512
2025-10-30 14:16:46,924 - ImageNet_Training - INFO - |    |    └─ReLU: 3-99                   [-1, 256, 14, 14]         --
2025-10-30 14:16:46,924 - ImageNet_Training - INFO - |    |    └─Conv2d: 3-100                [-1, 1024, 14, 14]        262,144
2025-10-30 14:16:46,924 - ImageNet_Training - INFO - |    |    └─BatchNorm2d: 3-101           [-1, 1024, 14, 14]        2,048
2025-10-30 14:16:46,924 - ImageNet_Training - INFO - |    |    └─ReLU: 3-102                  [-1, 1024, 14, 14]        --
2025-10-30 14:16:46,924 - ImageNet_Training - INFO - |    |    └─Dropout2d: 3-103             [-1, 1024, 14, 14]        --
2025-10-30 14:16:46,924 - ImageNet_Training - INFO - |    └─BottleneckBlock: 2-11             [-1, 1024, 14, 14]        --
2025-10-30 14:16:46,924 - ImageNet_Training - INFO - |    |    └─Conv2d: 3-104                [-1, 256, 14, 14]         262,144
2025-10-30 14:16:46,924 - ImageNet_Training - INFO - |    |    └─BatchNorm2d: 3-105           [-1, 256, 14, 14]         512
2025-10-30 14:16:46,924 - ImageNet_Training - INFO - |    |    └─ReLU: 3-106                  [-1, 256, 14, 14]         --
2025-10-30 14:16:46,924 - ImageNet_Training - INFO - |    |    └─Conv2d: 3-107                [-1, 256, 14, 14]         589,824
2025-10-30 14:16:46,924 - ImageNet_Training - INFO - |    |    └─BatchNorm2d: 3-108           [-1, 256, 14, 14]         512
2025-10-30 14:16:46,924 - ImageNet_Training - INFO - |    |    └─ReLU: 3-109                  [-1, 256, 14, 14]         --
2025-10-30 14:16:46,924 - ImageNet_Training - INFO - |    |    └─Conv2d: 3-110                [-1, 1024, 14, 14]        262,144
2025-10-30 14:16:46,924 - ImageNet_Training - INFO - |    |    └─BatchNorm2d: 3-111           [-1, 1024, 14, 14]        2,048
2025-10-30 14:16:46,924 - ImageNet_Training - INFO - |    |    └─ReLU: 3-112                  [-1, 1024, 14, 14]        --
2025-10-30 14:16:46,924 - ImageNet_Training - INFO - |    |    └─Dropout2d: 3-113             [-1, 1024, 14, 14]        --
2025-10-30 14:16:46,924 - ImageNet_Training - INFO - |    └─BottleneckBlock: 2-12             [-1, 1024, 14, 14]        --
2025-10-30 14:16:46,924 - ImageNet_Training - INFO - |    |    └─Conv2d: 3-114                [-1, 256, 14, 14]         262,144
2025-10-30 14:16:46,924 - ImageNet_Training - INFO - |    |    └─BatchNorm2d: 3-115           [-1, 256, 14, 14]         512
2025-10-30 14:16:46,924 - ImageNet_Training - INFO - |    |    └─ReLU: 3-116                  [-1, 256, 14, 14]         --
2025-10-30 14:16:46,924 - ImageNet_Training - INFO - |    |    └─Conv2d: 3-117                [-1, 256, 14, 14]         589,824
2025-10-30 14:16:46,924 - ImageNet_Training - INFO - |    |    └─BatchNorm2d: 3-118           [-1, 256, 14, 14]         512
2025-10-30 14:16:46,924 - ImageNet_Training - INFO - |    |    └─ReLU: 3-119                  [-1, 256, 14, 14]         --
2025-10-30 14:16:46,924 - ImageNet_Training - INFO - |    |    └─Conv2d: 3-120                [-1, 1024, 14, 14]        262,144
2025-10-30 14:16:46,925 - ImageNet_Training - INFO - |    |    └─BatchNorm2d: 3-121           [-1, 1024, 14, 14]        2,048
2025-10-30 14:16:46,925 - ImageNet_Training - INFO - |    |    └─ReLU: 3-122                  [-1, 1024, 14, 14]        --
2025-10-30 14:16:46,925 - ImageNet_Training - INFO - |    |    └─Dropout2d: 3-123             [-1, 1024, 14, 14]        --
2025-10-30 14:16:46,925 - ImageNet_Training - INFO - |    └─BottleneckBlock: 2-13             [-1, 1024, 14, 14]        --
2025-10-30 14:16:46,925 - ImageNet_Training - INFO - |    |    └─Conv2d: 3-124                [-1, 256, 14, 14]         262,144
2025-10-30 14:16:46,925 - ImageNet_Training - INFO - |    |    └─BatchNorm2d: 3-125           [-1, 256, 14, 14]         512
2025-10-30 14:16:46,925 - ImageNet_Training - INFO - |    |    └─ReLU: 3-126                  [-1, 256, 14, 14]         --
2025-10-30 14:16:46,925 - ImageNet_Training - INFO - |    |    └─Conv2d: 3-127                [-1, 256, 14, 14]         589,824
2025-10-30 14:16:46,925 - ImageNet_Training - INFO - |    |    └─BatchNorm2d: 3-128           [-1, 256, 14, 14]         512
2025-10-30 14:16:46,925 - ImageNet_Training - INFO - |    |    └─ReLU: 3-129                  [-1, 256, 14, 14]         --
2025-10-30 14:16:46,925 - ImageNet_Training - INFO - |    |    └─Conv2d: 3-130                [-1, 1024, 14, 14]        262,144
2025-10-30 14:16:46,925 - ImageNet_Training - INFO - |    |    └─BatchNorm2d: 3-131           [-1, 1024, 14, 14]        2,048
2025-10-30 14:16:46,925 - ImageNet_Training - INFO - |    |    └─ReLU: 3-132                  [-1, 1024, 14, 14]        --
2025-10-30 14:16:46,925 - ImageNet_Training - INFO - |    |    └─Dropout2d: 3-133             [-1, 1024, 14, 14]        --
2025-10-30 14:16:46,925 - ImageNet_Training - INFO - ├─Sequential: 1-8                        [-1, 2048, 7, 7]          --
2025-10-30 14:16:46,925 - ImageNet_Training - INFO - |    └─BottleneckBlock: 2-14             [-1, 2048, 7, 7]          --
2025-10-30 14:16:46,925 - ImageNet_Training - INFO - |    |    └─Conv2d: 3-134                [-1, 512, 14, 14]         524,288
2025-10-30 14:16:46,925 - ImageNet_Training - INFO - |    |    └─BatchNorm2d: 3-135           [-1, 512, 14, 14]         1,024
2025-10-30 14:16:46,925 - ImageNet_Training - INFO - |    |    └─ReLU: 3-136                  [-1, 512, 14, 14]         --
2025-10-30 14:16:46,925 - ImageNet_Training - INFO - |    |    └─Conv2d: 3-137                [-1, 512, 7, 7]           2,359,296
2025-10-30 14:16:46,925 - ImageNet_Training - INFO - |    |    └─BatchNorm2d: 3-138           [-1, 512, 7, 7]           1,024
2025-10-30 14:16:46,925 - ImageNet_Training - INFO - |    |    └─ReLU: 3-139                  [-1, 512, 7, 7]           --
2025-10-30 14:16:46,925 - ImageNet_Training - INFO - |    |    └─Conv2d: 3-140                [-1, 2048, 7, 7]          1,048,576
2025-10-30 14:16:46,925 - ImageNet_Training - INFO - |    |    └─BatchNorm2d: 3-141           [-1, 2048, 7, 7]          4,096
2025-10-30 14:16:46,925 - ImageNet_Training - INFO - |    |    └─Sequential: 3-142            [-1, 2048, 7, 7]          2,101,248
2025-10-30 14:16:46,926 - ImageNet_Training - INFO - |    |    └─ReLU: 3-143                  [-1, 2048, 7, 7]          --
2025-10-30 14:16:46,926 - ImageNet_Training - INFO - |    |    └─Dropout2d: 3-144             [-1, 2048, 7, 7]          --
2025-10-30 14:16:46,926 - ImageNet_Training - INFO - |    └─BottleneckBlock: 2-15             [-1, 2048, 7, 7]          --
2025-10-30 14:16:46,926 - ImageNet_Training - INFO - |    |    └─Conv2d: 3-145                [-1, 512, 7, 7]           1,048,576
2025-10-30 14:16:46,926 - ImageNet_Training - INFO - |    |    └─BatchNorm2d: 3-146           [-1, 512, 7, 7]           1,024
2025-10-30 14:16:46,926 - ImageNet_Training - INFO - |    |    └─ReLU: 3-147                  [-1, 512, 7, 7]           --
2025-10-30 14:16:46,926 - ImageNet_Training - INFO - |    |    └─Conv2d: 3-148                [-1, 512, 7, 7]           2,359,296
2025-10-30 14:16:46,926 - ImageNet_Training - INFO - |    |    └─BatchNorm2d: 3-149           [-1, 512, 7, 7]           1,024
2025-10-30 14:16:46,926 - ImageNet_Training - INFO - |    |    └─ReLU: 3-150                  [-1, 512, 7, 7]           --
2025-10-30 14:16:46,926 - ImageNet_Training - INFO - |    |    └─Conv2d: 3-151                [-1, 2048, 7, 7]          1,048,576
2025-10-30 14:16:46,926 - ImageNet_Training - INFO - |    |    └─BatchNorm2d: 3-152           [-1, 2048, 7, 7]          4,096
2025-10-30 14:16:46,926 - ImageNet_Training - INFO - |    |    └─ReLU: 3-153                  [-1, 2048, 7, 7]          --
2025-10-30 14:16:46,926 - ImageNet_Training - INFO - |    |    └─Dropout2d: 3-154             [-1, 2048, 7, 7]          --
2025-10-30 14:16:46,926 - ImageNet_Training - INFO - |    └─BottleneckBlock: 2-16             [-1, 2048, 7, 7]          --
2025-10-30 14:16:46,926 - ImageNet_Training - INFO - |    |    └─Conv2d: 3-155                [-1, 512, 7, 7]           1,048,576
2025-10-30 14:16:46,926 - ImageNet_Training - INFO - |    |    └─BatchNorm2d: 3-156           [-1, 512, 7, 7]           1,024
2025-10-30 14:16:46,926 - ImageNet_Training - INFO - |    |    └─ReLU: 3-157                  [-1, 512, 7, 7]           --
2025-10-30 14:16:46,926 - ImageNet_Training - INFO - |    |    └─Conv2d: 3-158                [-1, 512, 7, 7]           2,359,296
2025-10-30 14:16:46,926 - ImageNet_Training - INFO - |    |    └─BatchNorm2d: 3-159           [-1, 512, 7, 7]           1,024
2025-10-30 14:16:46,926 - ImageNet_Training - INFO - |    |    └─ReLU: 3-160                  [-1, 512, 7, 7]           --
2025-10-30 14:16:46,926 - ImageNet_Training - INFO - |    |    └─Conv2d: 3-161                [-1, 2048, 7, 7]          1,048,576
2025-10-30 14:16:46,926 - ImageNet_Training - INFO - |    |    └─BatchNorm2d: 3-162           [-1, 2048, 7, 7]          4,096
2025-10-30 14:16:46,926 - ImageNet_Training - INFO - |    |    └─ReLU: 3-163                  [-1, 2048, 7, 7]          --
2025-10-30 14:16:46,926 - ImageNet_Training - INFO - |    |    └─Dropout2d: 3-164             [-1, 2048, 7, 7]          --
2025-10-30 14:16:46,926 - ImageNet_Training - INFO - ├─AdaptiveAvgPool2d: 1-9                 [-1, 2048, 1, 1]          --
2025-10-30 14:16:46,926 - ImageNet_Training - INFO - ├─Dropout: 1-10                          [-1, 2048]                --
2025-10-30 14:16:46,926 - ImageNet_Training - INFO - ├─Linear: 1-11                           [-1, 1000]                2,049,000
2025-10-30 14:16:46,926 - ImageNet_Training - INFO - ==========================================================================================
2025-10-30 14:16:46,926 - ImageNet_Training - INFO - Total params: 25,557,032
2025-10-30 14:16:46,926 - ImageNet_Training - INFO - Trainable params: 25,557,032
2025-10-30 14:16:46,927 - ImageNet_Training - INFO - Non-trainable params: 0
2025-10-30 14:16:46,927 - ImageNet_Training - INFO - Total mult-adds (G): 4.14
2025-10-30 14:16:46,927 - ImageNet_Training - INFO - ==========================================================================================
2025-10-30 14:16:46,927 - ImageNet_Training - INFO - Input size (MB): 0.57
2025-10-30 14:16:46,927 - ImageNet_Training - INFO - Forward/backward pass size (MB): 169.59
2025-10-30 14:16:46,927 - ImageNet_Training - INFO - Params size (MB): 97.49
2025-10-30 14:16:46,927 - ImageNet_Training - INFO - Estimated Total Size (MB): 267.66
2025-10-30 14:16:46,927 - ImageNet_Training - INFO - ==========================================================================================
2025-10-30 14:16:46,927 - ImageNet_Training - INFO - ======================================================================
2025-10-30 14:16:46,927 - ImageNet_Training - INFO - Initializing trainer...
2025-10-30 14:16:46,928 - ImageNet_Training - INFO - Using device: cuda
2025-10-30 14:16:46,928 - ImageNet_Training - INFO - Loss function: CrossEntropyLoss
2025-10-30 14:16:46,928 - ImageNet_Training - INFO - Mixed Precision (AMP): True
2025-10-30 14:16:46,928 - ImageNet_Training - INFO - Gradient Accumulation Steps: 8
2025-10-30 14:16:46,928 - ImageNet_Training - INFO - Starting training...
2025-10-30 14:16:46,928 - ImageNet_Training - INFO - Initializing training...
2025-10-30 14:16:46,929 - ImageNet_Training - INFO - Starting Epoch 1/100
2025-10-30 15:40:51,663 - ImageNet_Training - INFO - Epoch   1: Train Loss: 5.9270, Train Top-1: 5.15%, Train Top-5: 14.35% | Test Loss: 4.7448, Test Top-1: 16.58%, Test Top-5: 37.53% | LR: 0.150000 | Gap: -11.43% | GPU: 2086MB
2025-10-30 15:40:52,473 - ImageNet_Training - INFO - Saved BEST MODEL: /home/ubuntu/repos/Learnings/MNIST_Model/Reference/ImageNet_ResNet50/experiments/final/models/best_checkpoint_epoch001.pt
2025-10-30 15:40:52,496 - ImageNet_Training - INFO - Starting Epoch 2/100
2025-10-30 17:04:54,864 - ImageNet_Training - INFO - Epoch   2: Train Loss: 4.8306, Train Top-1: 16.74%, Train Top-5: 36.88% | Test Loss: 4.2083, Test Top-1: 25.44%, Test Top-5: 50.97% | LR: 0.150000 | Gap: -8.70% | GPU: 2086MB
2025-10-30 17:04:55,672 - ImageNet_Training - INFO - Saved BEST MODEL: /home/ubuntu/repos/Learnings/MNIST_Model/Reference/ImageNet_ResNet50/experiments/final/models/best_checkpoint_epoch002.pt
2025-10-30 17:04:55,673 - ImageNet_Training - INFO - Starting Epoch 3/100
2025-10-30 18:28:56,484 - ImageNet_Training - INFO - Epoch   3: Train Loss: 4.5300, Train Top-1: 21.49%, Train Top-5: 43.85% | Test Loss: 3.9028, Test Top-1: 30.78%, Test Top-5: 58.02% | LR: 0.150000 | Gap: -9.29% | GPU: 2086MB
2025-10-30 18:28:57,279 - ImageNet_Training - INFO - Saved BEST MODEL: /home/ubuntu/repos/Learnings/MNIST_Model/Reference/ImageNet_ResNet50/experiments/final/models/best_checkpoint_epoch003.pt
2025-10-30 18:28:57,280 - ImageNet_Training - INFO - Starting Epoch 4/100
2025-10-30 19:52:56,591 - ImageNet_Training - INFO - Epoch   4: Train Loss: 4.3952, Train Top-1: 23.78%, Train Top-5: 46.93% | Test Loss: 3.8810, Test Top-1: 31.51%, Test Top-5: 58.82% | LR: 0.150000 | Gap: -7.73% | GPU: 2086MB
2025-10-30 19:52:57,386 - ImageNet_Training - INFO - Saved BEST MODEL: /home/ubuntu/repos/Learnings/MNIST_Model/Reference/ImageNet_ResNet50/experiments/final/models/best_checkpoint_epoch004.pt
2025-10-30 19:52:57,387 - ImageNet_Training - INFO - Starting Epoch 5/100
2025-10-30 21:16:55,510 - ImageNet_Training - INFO - Epoch   5: Train Loss: 4.3255, Train Top-1: 25.01%, Train Top-5: 48.49% | Test Loss: 3.7346, Test Top-1: 33.94%, Test Top-5: 61.78% | LR: 0.150000 | Gap: -8.93% | GPU: 2086MB
2025-10-30 21:16:56,302 - ImageNet_Training - INFO - Saved BEST MODEL: /home/ubuntu/repos/Learnings/MNIST_Model/Reference/ImageNet_ResNet50/experiments/final/models/best_checkpoint_epoch005.pt
2025-10-30 21:16:56,303 - ImageNet_Training - INFO - Starting Epoch 6/100
2025-10-30 22:40:53,698 - ImageNet_Training - INFO - Epoch   6: Train Loss: 4.2826, Train Top-1: 25.77%, Train Top-5: 49.47% | Test Loss: 3.7210, Test Top-1: 34.48%, Test Top-5: 62.09% | LR: 0.150000 | Gap: -8.71% | GPU: 2086MB
2025-10-30 22:40:54,492 - ImageNet_Training - INFO - Saved BEST MODEL: /home/ubuntu/repos/Learnings/MNIST_Model/Reference/ImageNet_ResNet50/experiments/final/models/best_checkpoint_epoch006.pt
2025-10-30 22:40:54,492 - ImageNet_Training - INFO - Starting Epoch 7/100
2025-10-31 00:04:51,820 - ImageNet_Training - INFO - Epoch   7: Train Loss: 4.2497, Train Top-1: 26.32%, Train Top-5: 50.24% | Test Loss: 3.6820, Test Top-1: 35.03%, Test Top-5: 62.79% | LR: 0.150000 | Gap: -8.71% | GPU: 2086MB
2025-10-31 00:04:52,625 - ImageNet_Training - INFO - Saved BEST MODEL: /home/ubuntu/repos/Learnings/MNIST_Model/Reference/ImageNet_ResNet50/experiments/final/models/best_checkpoint_epoch007.pt
2025-10-31 00:04:52,625 - ImageNet_Training - INFO - Starting Epoch 8/100
2025-10-31 01:28:48,743 - ImageNet_Training - INFO - Epoch   8: Train Loss: 4.2307, Train Top-1: 26.72%, Train Top-5: 50.65% | Test Loss: 3.6747, Test Top-1: 35.38%, Test Top-5: 63.38% | LR: 0.150000 | Gap: -8.66% | GPU: 2086MB
2025-10-31 01:28:49,535 - ImageNet_Training - INFO - Saved BEST MODEL: /home/ubuntu/repos/Learnings/MNIST_Model/Reference/ImageNet_ResNet50/experiments/final/models/best_checkpoint_epoch008.pt
2025-10-31 01:28:49,536 - ImageNet_Training - INFO - Starting Epoch 9/100
2025-10-31 02:52:45,802 - ImageNet_Training - INFO - Epoch   9: Train Loss: 4.2158, Train Top-1: 27.00%, Train Top-5: 50.97% | Test Loss: 3.6388, Test Top-1: 36.38%, Test Top-5: 64.11% | LR: 0.150000 | Gap: -9.38% | GPU: 2086MB
2025-10-31 02:52:46,595 - ImageNet_Training - INFO - Saved BEST MODEL: /home/ubuntu/repos/Learnings/MNIST_Model/Reference/ImageNet_ResNet50/experiments/final/models/best_checkpoint_epoch009.pt
2025-10-31 02:52:46,596 - ImageNet_Training - INFO - Starting Epoch 10/100
2025-10-31 04:16:41,078 - ImageNet_Training - INFO - Epoch  10: Train Loss: 4.2008, Train Top-1: 27.22%, Train Top-5: 51.31% | Test Loss: 3.6478, Test Top-1: 36.45%, Test Top-5: 64.14% | LR: 0.150000 | Gap: -9.22% | GPU: 2086MB
2025-10-31 04:16:41,337 - ImageNet_Training - INFO - Saved BEST MODEL: /home/ubuntu/repos/Learnings/MNIST_Model/Reference/ImageNet_ResNet50/experiments/final/models/best_checkpoint_epoch010.pt
2025-10-31 04:16:41,338 - ImageNet_Training - INFO - Starting Epoch 11/100
2025-10-31 05:40:38,368 - ImageNet_Training - INFO - Epoch  11: Train Loss: 4.1906, Train Top-1: 27.48%, Train Top-5: 51.51% | Test Loss: 3.6387, Test Top-1: 36.48%, Test Top-5: 63.73% | LR: 0.150000 | Gap: -9.00% | GPU: 2086MB
2025-10-31 05:40:39,167 - ImageNet_Training - INFO - Saved BEST MODEL: /home/ubuntu/repos/Learnings/MNIST_Model/Reference/ImageNet_ResNet50/experiments/final/models/best_checkpoint_epoch011.pt
2025-10-31 05:40:39,167 - ImageNet_Training - INFO - Starting Epoch 12/100
2025-10-31 07:04:37,395 - ImageNet_Training - INFO - Epoch  12: Train Loss: 4.1798, Train Top-1: 27.62%, Train Top-5: 51.76% | Test Loss: 3.5933, Test Top-1: 37.23%, Test Top-5: 65.14% | LR: 0.150000 | Gap: -9.61% | GPU: 2086MB
2025-10-31 07:04:38,216 - ImageNet_Training - INFO - Saved BEST MODEL: /home/ubuntu/repos/Learnings/MNIST_Model/Reference/ImageNet_ResNet50/experiments/final/models/best_checkpoint_epoch012.pt
2025-10-31 07:04:38,217 - ImageNet_Training - INFO - Starting Epoch 13/100
2025-10-31 08:28:38,101 - ImageNet_Training - INFO - Epoch  13: Train Loss: 4.1771, Train Top-1: 27.73%, Train Top-5: 51.79% | Test Loss: 3.5775, Test Top-1: 37.20%, Test Top-5: 65.52% | LR: 0.150000 | Gap: -9.48% | GPU: 2086MB
2025-10-31 08:28:38,362 - ImageNet_Training - INFO - Saved Checkpoint (Epoch 13): /home/ubuntu/repos/Learnings/MNIST_Model/Reference/ImageNet_ResNet50/experiments/final/models/checkpoint_epoch013.pt
2025-10-31 08:28:38,364 - ImageNet_Training - INFO - Starting Epoch 14/100
2025-10-31 09:52:40,275 - ImageNet_Training - INFO - Epoch  14: Train Loss: 4.1658, Train Top-1: 27.87%, Train Top-5: 52.05% | Test Loss: 3.5841, Test Top-1: 37.77%, Test Top-5: 65.74% | LR: 0.150000 | Gap: -9.90% | GPU: 2086MB
2025-10-31 09:52:41,073 - ImageNet_Training - INFO - Saved BEST MODEL: /home/ubuntu/repos/Learnings/MNIST_Model/Reference/ImageNet_ResNet50/experiments/final/models/best_checkpoint_epoch014.pt
2025-10-31 09:52:41,073 - ImageNet_Training - INFO - Starting Epoch 15/100
2025-10-31 11:16:40,637 - ImageNet_Training - INFO - Epoch  15: Train Loss: 4.1644, Train Top-1: 27.90%, Train Top-5: 52.09% | Test Loss: 3.6051, Test Top-1: 36.83%, Test Top-5: 64.75% | LR: 0.150000 | Gap: -8.93% | GPU: 2086MB
2025-10-31 11:16:41,431 - ImageNet_Training - INFO - Saved Checkpoint (Epoch 15): /home/ubuntu/repos/Learnings/MNIST_Model/Reference/ImageNet_ResNet50/experiments/final/models/checkpoint_epoch015.pt
2025-10-31 11:16:41,432 - ImageNet_Training - INFO - Starting Epoch 16/100
2025-10-31 12:40:37,346 - ImageNet_Training - INFO - Epoch  16: Train Loss: 4.1603, Train Top-1: 28.03%, Train Top-5: 52.16% | Test Loss: 3.6346, Test Top-1: 36.91%, Test Top-5: 65.00% | LR: 0.150000 | Gap: -8.88% | GPU: 2086MB
2025-10-31 12:40:37,609 - ImageNet_Training - INFO - Saved Checkpoint (Epoch 16): /home/ubuntu/repos/Learnings/MNIST_Model/Reference/ImageNet_ResNet50/experiments/final/models/checkpoint_epoch016.pt
2025-10-31 12:40:37,611 - ImageNet_Training - INFO - Starting Epoch 17/100
2025-10-31 14:04:33,600 - ImageNet_Training - INFO - Epoch  17: Train Loss: 4.1555, Train Top-1: 28.08%, Train Top-5: 52.30% | Test Loss: 3.6463, Test Top-1: 36.11%, Test Top-5: 64.22% | LR: 0.150000 | Gap: -8.04% | GPU: 2086MB
2025-10-31 14:04:33,858 - ImageNet_Training - INFO - Saved Checkpoint (Epoch 17): /home/ubuntu/repos/Learnings/MNIST_Model/Reference/ImageNet_ResNet50/experiments/final/models/checkpoint_epoch017.pt
2025-10-31 14:04:33,859 - ImageNet_Training - INFO - Starting Epoch 18/100
2025-10-31 15:28:31,148 - ImageNet_Training - INFO - Epoch  18: Train Loss: 4.1511, Train Top-1: 28.17%, Train Top-5: 52.39% | Test Loss: 3.6288, Test Top-1: 36.80%, Test Top-5: 64.43% | LR: 0.150000 | Gap: -8.63% | GPU: 2086MB
2025-10-31 15:28:31,405 - ImageNet_Training - INFO - Saved Checkpoint (Epoch 18): /home/ubuntu/repos/Learnings/MNIST_Model/Reference/ImageNet_ResNet50/experiments/final/models/checkpoint_epoch018.pt
2025-10-31 15:28:31,406 - ImageNet_Training - INFO - Starting Epoch 19/100
2025-10-31 16:20:43,314 - ImageNet_Training - WARNING - Training interrupted by user
